Component: ARM Compiler 5.06 update 4 (build 422) Tool: armlink [4d35d2]

==============================================================================

Section Cross References

    main.o(.text) refers to ece210_api.o(.text) for ece210_initialize_board
    main.o(.text) refers to buckysquares_menu.o(.text) for prompt_menu
    main.o(.text) refers to main.o(.data) for menu_selection
    lab_buttons.o(.text) refers to ece210_api.o(.text) for ece210_buttons_read
    buckysquares.o(.text) refers to ece210_api.o(.text) for ece210_wireless_data_avaiable
    buckysquares.o(.text) refers to game_board.o(.text) for bombard_rows
    buckysquares.o(.text) refers to multiplayer.o(.text) for send_status
    buckysquares.o(.text) refers to lab_buttons.o(.text) for btn_up_pressed
    buckysquares.o(.text) refers to buckysquares_menu.o(.text) for lcd_clear
    buckysquares.o(.text) refers to game_board.o(.data) for block_start_x
    buckysquares.o(.text) refers to buckysquares.o(.bss) for current_state
    buckysquares.o(.text) refers to multiplayer.o(.data) for local_id_wireless
    buckysquares.o(.text) refers to ece210_api.o(.data) for AlertButtons
    game_board.o(.text) refers to rand.o(.text) for rand
    game_board.o(.text) refers to ece210_api.o(.text) for ece210_lcd_draw_rectangle
    game_board.o(.text) refers to malloc.o(i.malloc) for malloc
    game_board.o(.text) refers to game_board.o(.data) for block_height
    game_board.o(.text) refers to malloc.o(i.free) for free
    buckysquares_menu.o(.text) refers to ece210_api.o(.text) for ece210_lcd_draw_rectangle
    buckysquares_menu.o(.text) refers to lab_buttons.o(.text) for btn_right_pressed
    buckysquares_menu.o(.text) refers to buckysquares.o(.text) for launch_tetris_game
    buckysquares_menu.o(.text) refers to ece210_api.o(.data) for AlertButtons
    buckysquares_menu.o(.text) refers to multiplayer.o(.text) for multiplayer_init
    multiplayer.o(.text) refers to ece210_api.o(.text) for ece210_wireless_send
    multiplayer.o(.text) refers to lab_buttons.o(.text) for btn_left_pressed
    multiplayer.o(.text) refers to multiplayer.o(.data) for local_id_wireless
    startup_tm4c123.o(RESET) refers to startup_tm4c123.o(STACK) for __initial_sp
    startup_tm4c123.o(RESET) refers to startup_tm4c123.o(.text) for Reset_Handler
    startup_tm4c123.o(RESET) refers to ece210_api.o(.text) for GPIOE_Handler
    startup_tm4c123.o(RESET) refers to serial_debug.o(.text) for UART0_Handler
    startup_tm4c123.o(RESET) refers to ps2.o(.text) for ADC0SS0_Handler
    startup_tm4c123.o(RESET) refers to mezz_audio.o(.text) for TIMER3A_Handler
    startup_tm4c123.o(.text) refers to system_tm4c123.o(.text) for SystemInit
    startup_tm4c123.o(.text) refers to entry.o(.ARM.Collect$$$$00000000) for __main
    system_tm4c123.o(.text) refers to system_tm4c123.o(.data) for SystemCoreClock
    ece210_api.o(.text) refers to io_expander.o(.text) for io_expander_read_reg
    ece210_api.o(.text) refers to ws2812b_1.o(FLASH) for WS2812B_write
    ece210_api.o(.text) refers to gptimer.o(.text) for gp_timer_set_32_bit_period
    ece210_api.o(.text) refers to ps2.o(.text) for ps2_get_x
    ece210_api.o(.text) refers to mezz_audio.o(.text) for mezz_audio_set_comparator_threshold
    ece210_api.o(.text) refers to lcd.o(.text) for lcd_draw_rectangle
    ece210_api.o(.text) refers to lcd_fonts.o(.text) for lcd_print_string
    ece210_api.o(.text) refers to wireless.o(.text) for wireless_configure_device
    ece210_api.o(.text) refers to serial_debug.o(.text) for init_serial_debug
    ece210_api.o(.text) refers to launchpad_io.o(.text) for lp_io_init
    ece210_api.o(.text) refers to ft6x06.o(.text) for ft6x06_init
    ece210_api.o(.text) refers to lcd_terminal.o(.text) for terminal_init_screen
    ece210_api.o(.text) refers to spi_select.o(.text) for spi_select_init
    ece210_api.o(.text) refers to ece210_api.o(.bss) for ws2812_leds
    ece210_api.o(.text) refers to ece210_api.o(.data) for DELAY_1MS
    ece210_api.o(.text) refers to lcd_fonts.o(.constdata) for calibri_14ptFontInfo
    ece210_api.o(.text) refers to mezz_audio.o(.data) for AUDIO_DATA
    ft6x06.o(.text) refers to i2c.o(.text) for I2CMasterBusy
    ft6x06.o(.text) refers to gpio_port.o(.text) for gpio_enable_port
    ft6x06.o(.text) refers to printf8.o(i.__0printf$8) for __2printf
    io_expander.o(.text) refers to i2c.o(.text) for i2cSetSlaveAddr
    io_expander.o(.text) refers to gpio_port.o(.text) for gpio_enable_port
    lcd.o(.text) refers to gpio_port.o(.text) for gpio_enable_port
    lcd_fonts.o(.text) refers to lcd.o(.text) for lcd_draw_char
    lcd_terminal.o(.text) refers to lcd.o(.text) for lcd_draw_box
    lcd_terminal.o(.text) refers to lcd_fonts.o(.text) for lcd_print_string
    lcd_terminal.o(.text) refers to memseta.o(.text) for __aeabi_memclr
    lcd_terminal.o(.text) refers to strcpy.o(.text) for strcpy
    lcd_terminal.o(.text) refers to malloc.o(i.malloc) for malloc
[...]
    printf6.o(i.__0snprintf$6) refers to printf6.o(i._snputc) for _snputc
    printf6.o(i.__0sprintf$6) refers to printf6.o(i._printf_core) for _printf_core
    printf6.o(i.__0sprintf$6) refers to printf6.o(i._sputc) for _sputc
    printf6.o(i.__0vfprintf$6) refers to printf6.o(i._printf_core) for _printf_core
    printf6.o(i.__0vfprintf$6) refers to serial_debug.o(.text) for fputc
    printf6.o(i.__0vprintf$6) refers to printf6.o(i._printf_core) for _printf_core
    printf6.o(i.__0vprintf$6) refers to serial_debug.o(.text) for fputc
    printf6.o(i.__0vprintf$6) refers to stdout.o(.data) for __stdout
    printf6.o(i.__0vsnprintf$6) refers to printf6.o(i._printf_core) for _printf_core
    printf6.o(i.__0vsnprintf$6) refers to printf6.o(i._snputc) for _snputc
    printf6.o(i.__0vsprintf$6) refers to printf6.o(i._printf_core) for _printf_core
    printf6.o(i.__0vsprintf$6) refers to printf6.o(i._sputc) for _sputc
    printf6.o(i._printf_core) refers to printf6.o(i._printf_pre_padding) for _printf_pre_padding
    printf6.o(i._printf_core) refers to uidiv.o(.text) for __aeabi_uidivmod
    printf6.o(i._printf_core) refers to printf6.o(i._printf_post_padding) for _printf_post_padding
    printf7.o(i.__0fprintf$7) refers to printf7.o(i._printf_core) for _printf_core
    printf7.o(i.__0fprintf$7) refers to serial_debug.o(.text) for fputc
    printf7.o(i.__0printf$7) refers to printf7.o(i._printf_core) for _printf_core
    printf7.o(i.__0printf$7) refers to serial_debug.o(.text) for fputc
    printf7.o(i.__0printf$7) refers to stdout.o(.data) for __stdout
    printf7.o(i.__0snprintf$7) refers to printf7.o(i._printf_core) for _printf_core
    printf7.o(i.__0snprintf$7) refers to printf7.o(i._snputc) for _snputc
    printf7.o(i.__0sprintf$7) refers to printf7.o(i._printf_core) for _printf_core
    printf7.o(i.__0sprintf$7) refers to printf7.o(i._sputc) for _sputc
    printf7.o(i.__0vfprintf$7) refers to printf7.o(i._printf_core) for _printf_core
    printf7.o(i.__0vfprintf$7) refers to serial_debug.o(.text) for fputc
    printf7.o(i.__0vprintf$7) refers to printf7.o(i._printf_core) for _printf_core
    printf7.o(i.__0vprintf$7) refers to serial_debug.o(.text) for fputc
    printf7.o(i.__0vprintf$7) refers to stdout.o(.data) for __stdout
    printf7.o(i.__0vsnprintf$7) refers to printf7.o(i._printf_core) for _printf_core
    printf7.o(i.__0vsnprintf$7) refers to printf7.o(i._snputc) for _snputc
    printf7.o(i.__0vsprintf$7) refers to printf7.o(i._printf_core) for _printf_core
    printf7.o(i.__0vsprintf$7) refers to printf7.o(i._sputc) for _sputc
    printf7.o(i._printf_core) refers to printf7.o(i._printf_pre_padding) for _printf_pre_padding
    printf7.o(i._printf_core) refers to uldiv.o(.text) for __aeabi_uldivmod
    printf7.o(i._printf_core) refers to printf7.o(i._printf_post_padding) for _printf_post_padding
    printf8.o(i.__0fprintf$8) refers to printf8.o(i._printf_core) for _printf_core
    printf8.o(i.__0fprintf$8) refers to serial_debug.o(.text) for fputc
    printf8.o(i.__0printf$8) refers to printf8.o(i._printf_core) for _printf_core
    printf8.o(i.__0printf$8) refers to serial_debug.o(.text) for fputc
    printf8.o(i.__0printf$8) refers to stdout.o(.data) for __stdout
    printf8.o(i.__0snprintf$8) refers to printf8.o(i._printf_core) for _printf_core
    printf8.o(i.__0snprintf$8) refers to printf8.o(i._snputc) for _snputc
    printf8.o(i.__0sprintf$8) refers to printf8.o(i._printf_core) for _printf_core
    printf8.o(i.__0sprintf$8) refers to printf8.o(i._sputc) for _sputc
    printf8.o(i.__0vfprintf$8) refers to printf8.o(i._printf_core) for _printf_core
    printf8.o(i.__0vfprintf$8) refers to serial_debug.o(.text) for fputc
    printf8.o(i.__0vprintf$8) refers to printf8.o(i._printf_core) for _printf_core
    printf8.o(i.__0vprintf$8) refers to serial_debug.o(.text) for fputc
    printf8.o(i.__0vprintf$8) refers to stdout.o(.data) for __stdout
    printf8.o(i.__0vsnprintf$8) refers to printf8.o(i._printf_core) for _printf_core
    printf8.o(i.__0vsnprintf$8) refers to printf8.o(i._snputc) for _snputc
    printf8.o(i.__0vsprintf$8) refers to printf8.o(i._printf_core) for _printf_core
    printf8.o(i.__0vsprintf$8) refers to printf8.o(i._sputc) for _sputc
    printf8.o(i._printf_core) refers to printf8.o(i._printf_pre_padding) for _printf_pre_padding
    printf8.o(i._printf_core) refers to uldiv.o(.text) for __aeabi_uldivmod
    printf8.o(i._printf_core) refers to printf8.o(i._printf_post_padding) for _printf_post_padding
    printfa.o(i.__0fprintf) refers (Special) to iusefp.o(.text) for __I$use$fp
    printfa.o(i.__0fprintf) refers to printfa.o(i._printf_core) for _printf_core
    printfa.o(i.__0fprintf) refers to serial_debug.o(.text) for fputc
    printfa.o(i.__0printf) refers (Special) to iusefp.o(.text) for __I$use$fp
    printfa.o(i.__0printf) refers to printfa.o(i._printf_core) for _printf_core
    printfa.o(i.__0printf) refers to serial_debug.o(.text) for fputc
    printfa.o(i.__0printf) refers to stdout.o(.data) for __stdout
    printfa.o(i.__0snprintf) refers (Special) to iusefp.o(.text) for __I$use$fp
    printfa.o(i.__0snprintf) refers to printfa.o(i._printf_core) for _printf_core
    printfa.o(i.__0snprintf) refers to printfa.o(i._snputc) for _snputc
    printfa.o(i.__0sprintf) refers (Special) to iusefp.o(.text) for __I$use$fp
    printfa.o(i.__0sprintf) refers to printfa.o(i._printf_core) for _printf_core
    printfa.o(i.__0sprintf) refers to printfa.o(i._sputc) for _sputc
    printfa.o(i.__0vfprintf) refers (Special) to iusefp.o(.text) for __I$use$fp
    printfa.o(i.__0vfprintf) refers to printfa.o(i._printf_core) for _printf_core
    printfa.o(i.__0vfprintf) refers to serial_debug.o(.text) for fputc
    printfa.o(i.__0vprintf) refers (Special) to iusefp.o(.text) for __I$use$fp
    printfa.o(i.__0vprintf) refers to printfa.o(i._printf_core) for _printf_core
    printfa.o(i.__0vprintf) refers to serial_debug.o(.text) for fputc
    printfa.o(i.__0vprintf) refers to stdout.o(.data) for __stdout
    printfa.o(i.__0vsnprintf) refers (Special) to iusefp.o(.text) for __I$use$fp
    printfa.o(i.__0vsnprintf) refers to printfa.o(i._printf_core) for _printf_core
    printfa.o(i.__0vsnprintf) refers to printfa.o(i._snputc) for _snputc
    printfa.o(i.__0vsprintf) refers (Special) to iusefp.o(.text) for __I$use$fp
    printfa.o(i.__0vsprintf) refers to printfa.o(i._printf_core) for _printf_core
    printfa.o(i.__0vsprintf) refers to printfa.o(i._sputc) for _sputc
    printfa.o(i._fp_digits) refers (Special) to iusefp.o(.text) for __I$use$fp
    printfa.o(i._fp_digits) refers to dmul.o(.text) for __aeabi_dmul
    printfa.o(i._fp_digits) refers to ddiv.o(.text) for __aeabi_ddiv
    printfa.o(i._fp_digits) refers to cdrcmple.o(.text) for __aeabi_cdrcmple
    printfa.o(i._fp_digits) refers to dadd.o(.text) for __aeabi_dadd
    printfa.o(i._fp_digits) refers to dfixul.o(.text) for __aeabi_d2ulz
    printfa.o(i._fp_digits) refers to uldiv.o(.text) for __aeabi_uldivmod
    printfa.o(i._printf_core) refers (Special) to iusefp.o(.text) for __I$use$fp
    printfa.o(i._printf_core) refers to printfa.o(i._printf_pre_padding) for _printf_pre_padding
    printfa.o(i._printf_core) refers to uldiv.o(.text) for __aeabi_uldivmod
    printfa.o(i._printf_core) refers to printfa.o(i._printf_post_padding) for _printf_post_padding
    printfa.o(i._printf_core) refers to printfa.o(i._fp_digits) for _fp_digits
    printfa.o(i._printf_core) refers to uidiv.o(.text) for __aeabi_uidivmod
    printfa.o(i._printf_post_padding) refers (Special) to iusefp.o(.text) for __I$use$fp
    printfa.o(i._printf_pre_padding) refers (Special) to iusefp.o(.text) for __I$use$fp
    printfa.o(i._snputc) refers (Special) to iusefp.o(.text) for __I$use$fp
    printfa.o(i._sputc) refers (Special) to iusefp.o(.text) for __I$use$fp
    malloc.o(i.free) refers to mvars.o(.data) for __microlib_freelist
    malloc.o(i.malloc) refers to mvars.o(.data) for __microlib_freelist_initialised
    malloc.o(i.malloc) refers to mvars.o(.data) for __microlib_freelist
    malloc.o(i.malloc) refers to startup_tm4c123.o(HEAP) for __heap_base
    mallocr.o(i.__free$realloc) refers to mvars.o(.data) for __microlib_freelist
    mallocr.o(i.__malloc$realloc) refers to mallocr.o(i.internal_alloc) for internal_alloc
    mallocr.o(i.__malloc$realloc) refers to mvars.o(.data) for __microlib_freelist_initialised
    mallocr.o(i.__malloc$realloc) refers to startup_tm4c123.o(HEAP) for __heap_base
    mallocr.o(i.__malloc$realloc) refers to mvars.o(.data) for __microlib_freelist
    mallocr.o(i.internal_alloc) refers to memcpya.o(.text) for __aeabi_memcpy
    mallocr.o(i.internal_alloc) refers to mvars.o(.data) for __microlib_freelist
    mallocr.o(i.realloc) refers to mallocr.o(i.__free$realloc) for __free$realloc
    mallocr.o(i.realloc) refers to mallocr.o(i.internal_alloc) for internal_alloc
    mallocr.o(i.realloc) refers to mallocr.o(i.__malloc$realloc) for __malloc$realloc
    mallocr.o(i.realloc) refers to mvars.o(.data) for __microlib_freelist
    malloca.o(i.__aligned_malloc) refers to mvars.o(.data) for __microlib_freelist_initialised
    malloca.o(i.__aligned_malloc) refers to mvars.o(.data) for __microlib_freelist
    malloca.o(i.__aligned_malloc) refers to startup_tm4c123.o(HEAP) for __heap_base
    malloca.o(i.__free$memalign) refers to mvars.o(.data) for __microlib_freelist
    malloca.o(i.__malloc$memalign) refers to malloca.o(i.__aligned_malloc) for __aligned_malloc
    mallocra.o(i.__aligned_malloc$realloc) refers to mallocra.o(i.internal_alloc) for internal_alloc
    mallocra.o(i.__aligned_malloc$realloc) refers to mvars.o(.data) for __microlib_freelist_initialised
    mallocra.o(i.__aligned_malloc$realloc) refers to startup_tm4c123.o(HEAP) for __heap_base
    mallocra.o(i.__aligned_malloc$realloc) refers to mvars.o(.data) for __microlib_freelist
    mallocra.o(i.__free$realloc$memalign) refers to mvars.o(.data) for __microlib_freelist
    mallocra.o(i.__malloc$realloc$memalign) refers to mallocra.o(i.__aligned_malloc$realloc) for __aligned_malloc$realloc
    mallocra.o(i.__realloc$memalign) refers to mallocra.o(i.__free$realloc$memalign) for __free$realloc$memalign
    mallocra.o(i.__realloc$memalign) refers to mallocra.o(i.internal_alloc) for internal_alloc
    mallocra.o(i.__realloc$memalign) refers to mallocra.o(i.__malloc$realloc$memalign) for __malloc$realloc$memalign
    mallocra.o(i.__realloc$memalign) refers to mvars.o(.data) for __microlib_freelist
    mallocra.o(i.internal_alloc) refers to memcpya.o(.text) for __aeabi_memcpy
    mallocra.o(i.internal_alloc) refers to mvars.o(.data) for __microlib_freelist
    entry2.o(.ARM.Collect$$$$00000001) refers to entry2.o(.ARM.Collect$$$$00002712) for __lit__00000000
    entry2.o(.ARM.Collect$$$$00002712) refers to startup_tm4c123.o(STACK) for __initial_sp
    entry2.o(__vectab_stack_and_reset_area) refers to startup_tm4c123.o(STACK) for __initial_sp
    entry2.o(__vectab_stack_and_reset_area) refers to entry.o(.ARM.Collect$$$$00000000) for __main
    entry5.o(.ARM.Collect$$$$00000004) refers to init.o(.text) for __scatterload
    entry9a.o(.ARM.Collect$$$$0000000B) refers to main.o(.text) for main
    entry9b.o(.ARM.Collect$$$$0000000C) refers to main.o(.text) for main
    uldiv.o(.text) refers to llushr.o(.text) for __aeabi_llsr
    uldiv.o(.text) refers to llshl.o(.text) for __aeabi_llsl
    dadd.o(.text) refers to llshl.o(.text) for __aeabi_llsl
    dadd.o(.text) refers to llsshr.o(.text) for __aeabi_lasr
    dadd.o(.text) refers to depilogue.o(.text) for _double_epilogue
    dmul.o(.text) refers to depilogue.o(.text) for _double_epilogue
    ddiv.o(.text) refers to depilogue.o(.text) for _double_round
    dfixul.o(.text) refers to llushr.o(.text) for __aeabi_llsr
    dfixul.o(.text) refers to llshl.o(.text) for __aeabi_llsl
    init.o(.text) refers to entry5.o(.ARM.Collect$$$$00000004) for __main_after_scatterload
    depilogue.o(.text) refers to llshl.o(.text) for __aeabi_llsl
    depilogue.o(.text) refers to llushr.o(.text) for __aeabi_llsr


==============================================================================

Removing Unused input sections from the image.

    Removing main.o(.rev16_text), (4 bytes).
    Removing main.o(.revsh_text), (4 bytes).
    Removing main.o(.rrx_text), (6 bytes).
    Removing lab_buttons.o(.rev16_text), (4 bytes).
    Removing lab_buttons.o(.revsh_text), (4 bytes).
    Removing lab_buttons.o(.rrx_text), (6 bytes).
    Removing buckysquares.o(.rev16_text), (4 bytes).
    Removing buckysquares.o(.revsh_text), (4 bytes).
    Removing buckysquares.o(.rrx_text), (6 bytes).
    Removing game_board.o(.rev16_text), (4 bytes).
    Removing game_board.o(.revsh_text), (4 bytes).
    Removing game_board.o(.rrx_text), (6 bytes).
    Removing buckysquares_menu.o(.rev16_text), (4 bytes).
    Removing buckysquares_menu.o(.revsh_text), (4 bytes).
    Removing buckysquares_menu.o(.rrx_text), (6 bytes).
    Removing multiplayer.o(.rev16_text), (4 bytes).
    Removing multiplayer.o(.revsh_text), (4 bytes).
    Removing multiplayer.o(.rrx_text), (6 bytes).
    Removing system_tm4c123.o(.rev16_text), (4 bytes).
    Removing system_tm4c123.o(.revsh_text), (4 bytes).
    Removing system_tm4c123.o(.rrx_text), (6 bytes).
    Removing ece210_api.o(.rev16_text), (4 bytes).
    Removing ece210_api.o(.revsh_text), (4 bytes).
    Removing ece210_api.o(.rrx_text), (6 bytes).
    Removing gptimer.o(.rev16_text), (4 bytes).
    Removing gptimer.o(.revsh_text), (4 bytes).
    Removing gptimer.o(.rrx_text), (6 bytes).
    Removing ft6x06.o(.rev16_text), (4 bytes).
    Removing ft6x06.o(.revsh_text), (4 bytes).
    Removing ft6x06.o(.rrx_text), (6 bytes).
    Removing io_expander.o(.rev16_text), (4 bytes).
    Removing io_expander.o(.revsh_text), (4 bytes).
    Removing io_expander.o(.rrx_text), (6 bytes).
    Removing lcd.o(.rev16_text), (4 bytes).
    Removing lcd.o(.revsh_text), (4 bytes).
    Removing lcd.o(.rrx_text), (6 bytes).
    Removing lcd_fonts.o(.rev16_text), (4 bytes).
    Removing lcd_fonts.o(.revsh_text), (4 bytes).
    Removing lcd_fonts.o(.rrx_text), (6 bytes).
    Removing lcd_terminal.o(.rev16_text), (4 bytes).
    Removing lcd_terminal.o(.revsh_text), (4 bytes).
    Removing lcd_terminal.o(.rrx_text), (6 bytes).
    Removing ps2.o(.rev16_text), (4 bytes).
    Removing ps2.o(.revsh_text), (4 bytes).
    Removing ps2.o(.rrx_text), (6 bytes).
    Removing serial_debug.o(.rev16_text), (4 bytes).
    Removing serial_debug.o(.revsh_text), (4 bytes).
    Removing serial_debug.o(.rrx_text), (6 bytes).
    Removing spi_select.o(.rev16_text), (4 bytes).
    Removing spi_select.o(.revsh_text), (4 bytes).
    Removing spi_select.o(.rrx_text), (6 bytes).
    Removing wireless.o(.rev16_text), (4 bytes).
    Removing wireless.o(.revsh_text), (4 bytes).
    Removing wireless.o(.rrx_text), (6 bytes).
    Removing wireless.o(.conststring), (125 bytes).
    Removing wireless.o(.data), (24 bytes).
    Removing launchpad_io.o(.rev16_text), (4 bytes).
    Removing launchpad_io.o(.revsh_text), (4 bytes).
    Removing launchpad_io.o(.rrx_text), (6 bytes).
    Removing mezz_audio.o(.rev16_text), (4 bytes).
    Removing mezz_audio.o(.revsh_text), (4 bytes).
    Removing mezz_audio.o(.rrx_text), (6 bytes).
    Removing adc.o(.rev16_text), (4 bytes).
    Removing adc.o(.revsh_text), (4 bytes).
    Removing adc.o(.rrx_text), (6 bytes).
    Removing gpio_port.o(.rev16_text), (4 bytes).
    Removing gpio_port.o(.revsh_text), (4 bytes).
    Removing gpio_port.o(.rrx_text), (6 bytes).
    Removing i2c.o(.rev16_text), (4 bytes).
    Removing i2c.o(.revsh_text), (4 bytes).
    Removing i2c.o(.rrx_text), (6 bytes).
    Removing spi.o(.rev16_text), (4 bytes).
    Removing spi.o(.revsh_text), (4 bytes).
    Removing spi.o(.rrx_text), (6 bytes).
    Removing uart.o(.rev16_text), (4 bytes).
    Removing uart.o(.revsh_text), (4 bytes).
    Removing uart.o(.rrx_text), (6 bytes).
    Removing mcp47fvbxx.o(.rev16_text), (4 bytes).
    Removing mcp47fvbxx.o(.revsh_text), (4 bytes).
    Removing mcp47fvbxx.o(.rrx_text), (6 bytes).
    Removing dadd.o(.text), (334 bytes).
    Removing dmul.o(.text), (228 bytes).
    Removing ddiv.o(.text), (222 bytes).
    Removing dfixul.o(.text), (48 bytes).
    Removing cdrcmple.o(.text), (48 bytes).
    Removing depilogue.o(.text), (186 bytes).

86 unused section(s) (total 1579 bytes) removed from the image.

==============================================================================

Image Symbol Table

    Local Symbols

    Symbol Name                              Value     Ov Type        Size  Object(Section)

    RESET                                    0x00000000   Section      620  startup_tm4c123.o(RESET)
    ../clib/microlib/division.c              0x00000000   Number         0  uldiv.o ABSOLUTE
    ../clib/microlib/division.c              0x00000000   Number         0  uidiv.o ABSOLUTE
    ../clib/microlib/init/entry.s            0x00000000   Number         0  entry.o ABSOLUTE
    ../clib/microlib/init/entry.s            0x00000000   Number         0  entry7b.o ABSOLUTE
    ../clib/microlib/init/entry.s            0x00000000   Number         0  entry2.o ABSOLUTE
    ../clib/microlib/init/entry.s            0x00000000   Number         0  entry5.o ABSOLUTE
    ../clib/microlib/init/entry.s            0x00000000   Number         0  entry7a.o ABSOLUTE
    ../clib/microlib/init/entry.s            0x00000000   Number         0  entry11a.o ABSOLUTE
    ../clib/microlib/init/entry.s            0x00000000   Number         0  entry11b.o ABSOLUTE
    ../clib/microlib/init/entry.s            0x00000000   Number         0  entry10b.o ABSOLUTE
    ../clib/microlib/init/entry.s            0x00000000   Number         0  entry10a.o ABSOLUTE
    ../clib/microlib/init/entry.s            0x00000000   Number         0  entry9b.o ABSOLUTE
    ../clib/microlib/init/entry.s            0x00000000   Number         0  entry9a.o ABSOLUTE
    ../clib/microlib/init/entry.s            0x00000000   Number         0  entry8b.o ABSOLUTE
    ../clib/microlib/init/entry.s            0x00000000   Number         0  entry8a.o ABSOLUTE
    ../clib/microlib/longlong.c              0x00000000   Number         0  llushr.o ABSOLUTE
    ../clib/microlib/longlong.c              0x00000000   Number         0  llshl.o ABSOLUTE
    ../clib/microlib/longlong.c              0x00000000   Number         0  llsshr.o ABSOLUTE
    ../clib/microlib/malloc/malloc.c         0x00000000   Number         0  malloc.o ABSOLUTE
    ../clib/microlib/malloc/malloc.c         0x00000000   Number         0  malloca.o ABSOLUTE
    ../clib/microlib/malloc/malloc.c         0x00000000   Number         0  mallocra.o ABSOLUTE
    ../clib/microlib/malloc/malloc.c         0x00000000   Number         0  mallocr.o ABSOLUTE
    ../clib/microlib/malloc/mvars.c          0x00000000   Number         0  mvars.o ABSOLUTE
    ../clib/microlib/printf/printf.c         0x00000000   Number         0  printf1.o ABSOLUTE
    ../clib/microlib/printf/printf.c         0x00000000   Number         0  printf2.o ABSOLUTE
    ../clib/microlib/printf/printf.c         0x00000000   Number         0  printf3.o ABSOLUTE
    ../clib/microlib/printf/printf.c         0x00000000   Number         0  printfb.o ABSOLUTE
    ../clib/microlib/printf/printf.c         0x00000000   Number         0  printfa.o ABSOLUTE
    ../clib/microlib/printf/printf.c         0x00000000   Number         0  printf8.o ABSOLUTE
    ../clib/microlib/printf/printf.c         0x00000000   Number         0  printf7.o ABSOLUTE
    ../clib/microlib/printf/printf.c         0x00000000   Number         0  printf4.o ABSOLUTE
    ../clib/microlib/printf/printf.c         0x00000000   Number         0  printf5.o ABSOLUTE
    ../clib/microlib/printf/printf.c         0x00000000   Number         0  printf6.o ABSOLUTE
    ../clib/microlib/printf/printf.c         0x00000000   Number         0  printf0.o ABSOLUTE
    ../clib/microlib/printf/stubs.s          0x00000000   Number         0  stubs.o ABSOLUTE
    ../clib/microlib/stdio/streams.c         0x00000000   Number         0  stdout.o ABSOLUTE
    ../clib/microlib/stdlib/rand.c           0x00000000   Number         0  rand.o ABSOLUTE
    ../clib/microlib/string/memcpy.c         0x00000000   Number         0  memcpyb.o ABSOLUTE
    ../clib/microlib/string/memcpy.c         0x00000000   Number         0  memcpya.o ABSOLUTE
    ../clib/microlib/string/memset.c         0x00000000   Number         0  memseta.o ABSOLUTE
    ../clib/microlib/string/strcpy.c         0x00000000   Number         0  strcpy.o ABSOLUTE
    ../clib/microlib/stubs.s                 0x00000000   Number         0  iusefp.o ABSOLUTE
    ../fplib/microlib/fpadd.c                0x00000000   Number         0  dadd.o ABSOLUTE
    ../fplib/microlib/fpdiv.c                0x00000000   Number         0  ddiv.o ABSOLUTE
    ../fplib/microlib/fpepilogue.c           0x00000000   Number         0  depilogue.o ABSOLUTE
    ../fplib/microlib/fpfix.c                0x00000000   Number         0  dfixul.o ABSOLUTE
    ../fplib/microlib/fpmul.c                0x00000000   Number         0  dmul.o ABSOLUTE
    ..\\drivers\\c\\adc.c                    0x00000000   Number         0  adc.o ABSOLUTE
    ..\\drivers\\c\\gpio_port.c              0x00000000   Number         0  gpio_port.o ABSOLUTE
    ..\\drivers\\c\\gptimer.c                0x00000000   Number         0  gptimer.o ABSOLUTE
    ..\\drivers\\c\\i2c.c                    0x00000000   Number         0  i2c.o ABSOLUTE
    ..\\drivers\\c\\spi.c                    0x00000000   Number         0  spi.o ABSOLUTE
    ..\\drivers\\c\\uart.c                   0x00000000   Number         0  uart.o ABSOLUTE
    ..\\peripherals\\c\\ece210_api.c         0x00000000   Number         0  ece210_api.o ABSOLUTE
    ..\\peripherals\\c\\ft6x06.c             0x00000000   Number         0  ft6x06.o ABSOLUTE
    ..\\peripherals\\c\\io_expander.c        0x00000000   Number         0  io_expander.o ABSOLUTE
    ..\\peripherals\\c\\launchpad_io.c       0x00000000   Number         0  launchpad_io.o ABSOLUTE
    ..\\peripherals\\c\\lcd.c                0x00000000   Number         0  lcd.o ABSOLUTE
    ..\\peripherals\\c\\lcd_fonts.c          0x00000000   Number         0  lcd_fonts.o ABSOLUTE
    ..\\peripherals\\c\\lcd_terminal.c       0x00000000   Number         0  lcd_terminal.o ABSOLUTE
    ..\\peripherals\\c\\mcp47fvbxx.c         0x00000000   Number         0  mcp47fvbxx.o ABSOLUTE
    ..\\peripherals\\c\\mezz_audio.c         0x00000000   Number         0  mezz_audio.o ABSOLUTE
    ..\\peripherals\\c\\ps2.c                0x00000000   Number         0  ps2.o ABSOLUTE
    ..\\peripherals\\c\\serial_debug.c       0x00000000   Number         0  serial_debug.o ABSOLUTE
    ..\\peripherals\\c\\spi_select.c         0x00000000   Number         0  spi_select.o ABSOLUTE
    ..\\peripherals\\c\\wireless.c           0x00000000   Number         0  wireless.o ABSOLUTE
    ..\drivers\c\adc.c                       0x00000000   Number         0  adc.o ABSOLUTE
    ..\drivers\c\gpio_port.c                 0x00000000   Number         0  gpio_port.o ABSOLUTE
    ..\drivers\c\gptimer.c                   0x00000000   Number         0  gptimer.o ABSOLUTE
    ..\drivers\c\i2c.c                       0x00000000   Number         0  i2c.o ABSOLUTE
    ..\drivers\c\pc_buffer.c                 0x00000000   Number         0  pc_buffer.o ABSOLUTE
    ..\drivers\c\spi.c                       0x00000000   Number         0  spi.o ABSOLUTE
    ..\drivers\c\uart.c                      0x00000000   Number         0  uart.o ABSOLUTE
    ..\peripherals\c\ece210_api.c            0x00000000   Number         0  ece210_api.o ABSOLUTE
    ..\peripherals\c\ft6x06.c                0x00000000   Number         0  ft6x06.o ABSOLUTE
    ..\peripherals\c\io_expander.c           0x00000000   Number         0  io_expander.o ABSOLUTE
    ..\peripherals\c\launchpad_io.c          0x00000000   Number         0  launchpad_io.o ABSOLUTE
    ..\peripherals\c\lcd.c                   0x00000000   Number         0  lcd.o ABSOLUTE
    ..\peripherals\c\lcd_fonts.c             0x00000000   Number         0  lcd_fonts.o ABSOLUTE
    ..\peripherals\c\lcd_terminal.c          0x00000000   Number         0  lcd_terminal.o ABSOLUTE
    ..\peripherals\c\mcp47fvbxx.c            0x00000000   Number         0  mcp47fvbxx.o ABSOLUTE
    ..\peripherals\c\mezz_audio.c            0x00000000   Number         0  mezz_audio.o ABSOLUTE
    ..\peripherals\c\ps2.c                   0x00000000   Number         0  ps2.o ABSOLUTE
    ..\peripherals\c\serial_debug.c          0x00000000   Number         0  serial_debug.o ABSOLUTE
    ..\peripherals\c\spi_select.c            0x00000000   Number         0  spi_select.o ABSOLUTE
    ..\peripherals\c\wireless.c              0x00000000   Number         0  wireless.o ABSOLUTE
    ..\peripherals\c\ws2812b.s               0x00000000   Number         0  ws2812b_1.o ABSOLUTE
    RTE\Device\TM4C123GH6PM\startup_TM4C123.s 0x00000000   Number         0  startup_tm4c123.o ABSOLUTE
    RTE\Device\TM4C123GH6PM\system_TM4C123.c 0x00000000   Number         0  system_tm4c123.o ABSOLUTE
    RTE\\Device\\TM4C123GH6PM\\system_TM4C123.c 0x00000000   Number         0  system_tm4c123.o ABSOLUTE
    buckysquares.c                           0x00000000   Number         0  buckysquares.o ABSOLUTE
    buckysquares.c                           0x00000000   Number         0  buckysquares.o ABSOLUTE
    buckysquares_menu.c                      0x00000000   Number         0  buckysquares_menu.o ABSOLUTE
    buckysquares_menu.c                      0x00000000   Number         0  buckysquares_menu.o ABSOLUTE
    cdrcmple.s                               0x00000000   Number         0  cdrcmple.o ABSOLUTE
    dc.s                                     0x00000000   Number         0  dc.o ABSOLUTE
    game_board.c                             0x00000000   Number         0  game_board.o ABSOLUTE
    game_board.c                             0x00000000   Number         0  game_board.o ABSOLUTE
    handlers.s                               0x00000000   Number         0  handlers.o ABSOLUTE
    init.s                                   0x00000000   Number         0  init.o ABSOLUTE
    lab_buttons.c                            0x00000000   Number         0  lab_buttons.o ABSOLUTE
    lab_buttons.c                            0x00000000   Number         0  lab_buttons.o ABSOLUTE
    main.c                                   0x00000000   Number         0  main.o ABSOLUTE
    main.c                                   0x00000000   Number         0  main.o ABSOLUTE
    multiplayer.c                            0x00000000   Number         0  multiplayer.o ABSOLUTE
    multiplayer.c                            0x00000000   Number         0  multiplayer.o ABSOLUTE
    .ARM.Collect$$$$00000000                 0x0000026c   Section        0  entry.o(.ARM.Collect$$$$00000000)
    .ARM.Collect$$$$00000001                 0x0000026c   Section        4  entry2.o(.ARM.Collect$$$$00000001)
    .ARM.Collect$$$$00000004                 0x00000270   Section        4  entry5.o(.ARM.Collect$$$$00000004)
    .ARM.Collect$$$$00000008                 0x00000274   Section        0  entry7b.o(.ARM.Collect$$$$00000008)
    .ARM.Collect$$$$0000000A                 0x00000274   Section        0  entry8b.o(.ARM.Collect$$$$0000000A)
    .ARM.Collect$$$$0000000B                 0x00000274   Section        8  entry9a.o(.ARM.Collect$$$$0000000B)
    .ARM.Collect$$$$0000000D                 0x0000027c   Section        0  entry10a.o(.ARM.Collect$$$$0000000D)
    .ARM.Collect$$$$0000000F                 0x0000027c   Section        0  entry11a.o(.ARM.Collect$$$$0000000F)
    .ARM.Collect$$$$00002712                 0x0000027c   Section        4  entry2.o(.ARM.Collect$$$$00002712)
    __lit__00000000                          0x0000027c   Data           4  entry2.o(.ARM.Collect$$$$00002712)
    .text                                    0x00000280   Section        0  main.o(.text)
    .text                                    0x000002b0   Section        0  lab_buttons.o(.text)
    .text                                    0x00000308   Section        0  buckysquares.o(.text)
    .text                                    0x000006c4   Section        0  game_board.o(.text)
    .text                                    0x00001200   Section        0  buckysquares_menu.o(.text)
    .text                                    0x00001cf8   Section        0  multiplayer.o(.text)
    .text                                    0x00001e14   Section      252  startup_tm4c123.o(.text)
    $v0                                      0x00001e14   Number         0  startup_tm4c123.o(.text)
    .text                                    0x00001f10   Section        0  system_tm4c123.o(.text)
    getOscClk                                0x00001f11   Thumb Code   182  system_tm4c123.o(.text)
    .text                                    0x0000215c   Section        0  ece210_api.o(.text)
    ws2812b_init                             0x0000215d   Thumb Code    70  ece210_api.o(.text)
    platform_timers_init                     0x0000228b   Thumb Code    80  ece210_api.o(.text)
    .text                                    0x000025e4   Section        0  gptimer.o(.text)
    NVIC_SetPriority                         0x000025e5   Thumb Code    32  gptimer.o(.text)
    NVIC_EnableIRQ                           0x0000291b   Thumb Code    22  gptimer.o(.text)
    .text                                    0x0000294c   Section        0  ft6x06.o(.text)
    .text                                    0x00002c04   Section        0  io_expander.o(.text)
    .text                                    0x00002d94   Section        0  lcd.o(.text)
    lcd_write_cmd_u8                         0x00002daf   Thumb Code    34  lcd.o(.text)
    lcd_write_data_u8                        0x00002dd1   Thumb Code    36  lcd.o(.text)
    lcd_write_data_u16                       0x00002df5   Thumb Code    60  lcd.o(.text)
    .text                                    0x000038a2   Section        0  lcd_fonts.o(.text)
    .text                                    0x00003a28   Section        0  lcd_terminal.o(.text)
    terminal_clear_line                      0x00003a29   Thumb Code    46  lcd_terminal.o(.text)
    terminal_update_line                     0x00003a57   Thumb Code    62  lcd_terminal.o(.text)
    .text                                    0x00004540   Section        0  ps2.o(.text)
    initialize_adc_gpio_pins                 0x00004541   Thumb Code    34  ps2.o(.text)
    ps2_configure_adc                        0x00004563   Thumb Code    88  ps2.o(.text)
    ps2_configure_digital_comparitors        0x000045bb   Thumb Code   124  ps2.o(.text)
    initialize_adc_timer                     0x0000468f   Thumb Code    80  ps2.o(.text)
    NVIC_EnableIRQ                           0x000047e7   Thumb Code    22  ps2.o(.text)
    .text                                    0x00004838   Section        0  serial_debug.o(.text)
    .text                                    0x00004a48   Section        0  spi_select.o(.text)
    .text                                    0x00004aec   Section        0  wireless.o(.text)
    wireless_reg_read                        0x00004afb   Thumb Code    40  wireless.o(.text)
    wireless_reg_write                       0x00004b23   Thumb Code    40  wireless.o(.text)
    wireless_rx_data_payload                 0x00004b4b   Thumb Code    80  wireless.o(.text)
    wireless_set_rx_addr                     0x00004b9b   Thumb Code   118  wireless.o(.text)
    wireless_get_status                      0x00004c11   Thumb Code    32  wireless.o(.text)
    wireless_CSN_low                         0x00004f75   Thumb Code    18  wireless.o(.text)
    wireless_CSN_high                        0x00004f87   Thumb Code    18  wireless.o(.text)
    wireless_CE_low                          0x00004f99   Thumb Code    16  wireless.o(.text)
    wireless_CE_high                         0x00004fa9   Thumb Code    16  wireless.o(.text)
    wireless_flush_tx_fifo                   0x00004fb9   Thumb Code    28  wireless.o(.text)
    wireless_flush_rx_fifo                   0x00004fd5   Thumb Code    28  wireless.o(.text)
    wireless_rx_fifo_empty                   0x00004ff1   Thumb Code    24  wireless.o(.text)
    wireless_status_tx_ds_asserted           0x00005009   Thumb Code    16  wireless.o(.text)
    wireless_status_tx_full_asserted         0x00005019   Thumb Code    16  wireless.o(.text)
    wireless_clear_max_rt                    0x00005029   Thumb Code    12  wireless.o(.text)
    .text                                    0x00005044   Section        0  launchpad_io.o(.text)
    .text                                    0x00005108   Section        0  mezz_audio.o(.text)
    mezz_audio_comparator_gpio_init          0x0000528d   Thumb Code    34  mezz_audio.o(.text)
    mezz_audio_gpio_init                     0x000052af   Thumb Code    40  mezz_audio.o(.text)
    initialize_adc_timer                     0x000052d7   Thumb Code    78  mezz_audio.o(.text)
    NVIC_EnableIRQ                           0x00005385   Thumb Code    22  mezz_audio.o(.text)
    .text                                    0x000053c8   Section        0  adc.o(.text)
    verify_base_addr                         0x000053c9   Thumb Code    26  adc.o(.text)
    .text                                    0x000054f0   Section        0  gpio_port.o(.text)
    verify_base_addr                         0x000054f1   Thumb Code    64  gpio_port.o(.text)
    .text                                    0x000057b4   Section        0  i2c.o(.text)
    .text                                    0x000059bc   Section        0  pc_buffer.o(.text)
    .text                                    0x00005a38   Section        0  spi.o(.text)
    .text                                    0x00005bc4   Section        0  uart.o(.text)
    .text                                    0x00005e34   Section        0  mcp47fvbxx.o(.text)
    .text                                    0x00005fb8   Section        0  rand.o(.text)
    .text                                    0x00005fdc   Section        0  memseta.o(.text)
    .text                                    0x00006000   Section        0  strcpy.o(.text)
    .text                                    0x00006012   Section        0  uldiv.o(.text)
    .text                                    0x00006074   Section       36  init.o(.text)
    .text                                    0x00006098   Section        0  llshl.o(.text)
    .text                                    0x000060b6   Section        0  llushr.o(.text)
    FLASH                                    0x000060d8   Section      160  ws2812b_1.o(FLASH)
    $v0                                      0x000060d8   Number         0  ws2812b_1.o(FLASH)
    i.__0printf$8                            0x00006178   Section        0  printf8.o(i.__0printf$8)
    i.__scatterload_copy                     0x00006198   Section       14  handlers.o(i.__scatterload_copy)
    i.__scatterload_null                     0x000061a6   Section        2  handlers.o(i.__scatterload_null)
    i.__scatterload_zeroinit                 0x000061a8   Section       14  handlers.o(i.__scatterload_zeroinit)
    i._printf_core                           0x000061b8   Section        0  printf8.o(i._printf_core)
    _printf_core                             0x000061b9   Thumb Code   996  printf8.o(i._printf_core)
    i._printf_post_padding                   0x000065c8   Section        0  printf8.o(i._printf_post_padding)
    _printf_post_padding                     0x000065c9   Thumb Code    36  printf8.o(i._printf_post_padding)
    i._printf_pre_padding                    0x000065ec   Section        0  printf8.o(i._printf_pre_padding)
    _printf_pre_padding                      0x000065ed   Thumb Code    46  printf8.o(i._printf_pre_padding)
    i.free                                   0x0000661c   Section        0  malloc.o(i.free)
    i.malloc                                 0x0000666c   Section        0  malloc.o(i.malloc)
    .constdata                               0x000066d8   Section     4200  lcd_fonts.o(.constdata)
    .data                                    0x20000000   Section        8  main.o(.data)
    .data                                    0x20000008   Section       28  game_board.o(.data)
    .data                                    0x20000024   Section        6  multiplayer.o(.data)
    .data                                    0x2000002c   Section        4  system_tm4c123.o(.data)
    .data                                    0x20000030   Section       10  ece210_api.o(.data)
    DELAY_1MS                                0x20000031   Data           1  ece210_api.o(.data)
    LAST_RX_VALUE                            0x20000034   Data           4  ece210_api.o(.data)
    .data                                    0x2000003a   Section        1  lcd_terminal.o(.data)
    .data                                    0x2000003c   Section        5  ps2.o(.data)
    PS2_X_DATA                               0x2000003c   Data           2  ps2.o(.data)
    PS2_Y_DATA                               0x2000003e   Data           2  ps2.o(.data)
    PS2_DIR                                  0x20000040   Data           1  ps2.o(.data)
    .data                                    0x20000041   Section        2  serial_debug.o(.data)
    Rx_Interrupts_Enabled                    0x20000041   Data           1  serial_debug.o(.data)
    Tx_Interrupts_Enabled                    0x20000042   Data           1  serial_debug.o(.data)
    .data                                    0x20000044   Section        3  mezz_audio.o(.data)
    .data                                    0x20000048   Section        4  stdout.o(.data)
    .data                                    0x2000004c   Section        4  rand.o(.data)
    _rand_state                              0x2000004c   Data           4  rand.o(.data)
    .data                                    0x20000050   Section        4  mvars.o(.data)
    .data                                    0x20000054   Section        4  mvars.o(.data)
    .bss                                     0x20000058   Section       40  buckysquares.o(.bss)
    .bss                                     0x20000080   Section       24  ece210_api.o(.bss)
    ws2812_leds                              0x20000080   Data          24  ece210_api.o(.bss)
    .bss                                     0x20000098   Section     2500  lcd_terminal.o(.bss)
    .bss                                     0x20000a5c   Section       28  serial_debug.o(.bss)
    HEAP                                     0x20000a78   Section        0  startup_tm4c123.o(HEAP)
    STACK                                    0x20000a78   Section     4096  startup_tm4c123.o(STACK)

    Global Symbols

    Symbol Name                              Value     Ov Type        Size  Object(Section)

    BuildAttributes$$THM_ISAv4$E$P$D$K$B$S$7EM$VFPi3$EXTD16$VFPS$VFMA$PE$A:L22UL41UL21$X:L11$S22US41US21$IEEE1$IW$USESV6$~STKCKD$USESV7$~SHL$OSPACE$ROPI$EBA8$MICROLIB$REQ8$EABIv2 0x00000000   Number         0  anon$$obj.o ABSOLUTE
    __ARM_use_no_argv                        0x00000000   Number         0  main.o ABSOLUTE
    __Vectors                                0x00000000   Data           4  startup_tm4c123.o(RESET)
    _printf_a                                0x00000000   Number         0  stubs.o ABSOLUTE
    _printf_c                                0x00000000   Number         0  stubs.o ABSOLUTE
    _printf_charcount                        0x00000000   Number         0  stubs.o ABSOLUTE
    _printf_d                                0x00000000   Number         0  stubs.o ABSOLUTE
    _printf_e                                0x00000000   Number         0  stubs.o ABSOLUTE
    _printf_f                                0x00000000   Number         0  stubs.o ABSOLUTE
    _printf_flags                            0x00000000   Number         0  stubs.o ABSOLUTE
    _printf_fp_dec                           0x00000000   Number         0  stubs.o ABSOLUTE
    _printf_fp_hex                           0x00000000   Number         0  stubs.o ABSOLUTE
    _printf_g                                0x00000000   Number         0  stubs.o ABSOLUTE
    _printf_i                                0x00000000   Number         0  stubs.o ABSOLUTE
    _printf_int_dec                          0x00000000   Number         0  stubs.o ABSOLUTE
    _printf_l                                0x00000000   Number         0  stubs.o ABSOLUTE
    _printf_lc                               0x00000000   Number         0  stubs.o ABSOLUTE
    _printf_ll                               0x00000000   Number         0  stubs.o ABSOLUTE
    _printf_lld                              0x00000000   Number         0  stubs.o ABSOLUTE
    _printf_lli                              0x00000000   Number         0  stubs.o ABSOLUTE
    _printf_llo                              0x00000000   Number         0  stubs.o ABSOLUTE
    _printf_llu                              0x00000000   Number         0  stubs.o ABSOLUTE
    _printf_llx                              0x00000000   Number         0  stubs.o ABSOLUTE
    _printf_longlong_dec                     0x00000000   Number         0  stubs.o ABSOLUTE
    _printf_longlong_hex                     0x00000000   Number         0  stubs.o ABSOLUTE
    _printf_longlong_oct                     0x00000000   Number         0  stubs.o ABSOLUTE
    _printf_ls                               0x00000000   Number         0  stubs.o ABSOLUTE
    _printf_mbtowc                           0x00000000   Number         0  stubs.o ABSOLUTE
    _printf_n                                0x00000000   Number         0  stubs.o ABSOLUTE
    _printf_o                                0x00000000   Number         0  stubs.o ABSOLUTE
    _printf_p                                0x00000000   Number         0  stubs.o ABSOLUTE
    _printf_percent                          0x00000000   Number         0  stubs.o ABSOLUTE
    _printf_pre_padding                      0x00000000   Number         0  stubs.o ABSOLUTE
    _printf_return_value                     0x00000000   Number         0  stubs.o ABSOLUTE
    _printf_s                                0x00000000   Number         0  stubs.o ABSOLUTE
    _printf_sizespec                         0x00000000   Number         0  stubs.o ABSOLUTE
    _printf_str                              0x00000000   Number         0  stubs.o ABSOLUTE
    _printf_truncate_signed                  0x00000000   Number         0  stubs.o ABSOLUTE
    _printf_truncate_unsigned                0x00000000   Number         0  stubs.o ABSOLUTE
    _printf_u                                0x00000000   Number         0  stubs.o ABSOLUTE
    _printf_wc                               0x00000000   Number         0  stubs.o ABSOLUTE
    _printf_wctomb                           0x00000000   Number         0  stubs.o ABSOLUTE
    _printf_widthprec                        0x00000000   Number         0  stubs.o ABSOLUTE
    _printf_x                                0x00000000   Number         0  stubs.o ABSOLUTE
    __cpp_initialize__aeabi_                  - Undefined Weak Reference
    __cxa_finalize                            - Undefined Weak Reference
    __decompress                              - Undefined Weak Reference
    _clock_init                               - Undefined Weak Reference
    _microlib_exit                            - Undefined Weak Reference
    __Vectors_End                            0x0000026c   Data           0  startup_tm4c123.o(RESET)
    __Vectors_Size                           0x0000026c   Number         0  startup_tm4c123.o ABSOLUTE
    __main                                   0x0000026d   Thumb Code     0  entry.o(.ARM.Collect$$$$00000000)
    _main_stk                                0x0000026d   Thumb Code     0  entry2.o(.ARM.Collect$$$$00000001)
    _main_scatterload                        0x00000271   Thumb Code     0  entry5.o(.ARM.Collect$$$$00000004)
    __main_after_scatterload                 0x00000275   Thumb Code     0  entry5.o(.ARM.Collect$$$$00000004)
    _main_clock                              0x00000275   Thumb Code     0  entry7b.o(.ARM.Collect$$$$00000008)
    _main_cpp_init                           0x00000275   Thumb Code     0  entry8b.o(.ARM.Collect$$$$0000000A)
    _main_init                               0x00000275   Thumb Code     0  entry9a.o(.ARM.Collect$$$$0000000B)
    __rt_final_cpp                           0x0000027d   Thumb Code     0  entry10a.o(.ARM.Collect$$$$0000000D)
    __rt_final_exit                          0x0000027d   Thumb Code     0  entry11a.o(.ARM.Collect$$$$0000000F)
    main                                     0x00000281   Thumb Code    34  main.o(.text)
    btn_up_pressed                           0x000002b1   Thumb Code    20  lab_buttons.o(.text)
    btn_down_pressed                         0x000002c5   Thumb Code    22  lab_buttons.o(.text)
    btn_left_pressed                         0x000002db   Thumb Code    22  lab_buttons.o(.text)
    btn_right_pressed                        0x000002f1   Thumb Code    22  lab_buttons.o(.text)
    multiplayer_process_data                 0x00000309   Thumb Code    54  buckysquares.o(.text)
    launch_tetris_game                       0x0000033f   Thumb Code   776  buckysquares.o(.text)
    block_render                             0x000006c5   Thumb Code   170  game_board.o(.text)
    init_board                               0x0000076f   Thumb Code   204  game_board.o(.text)
    tetris_block_render                      0x0000083b   Thumb Code   204  game_board.o(.text)
    tetris_block_generate                    0x00000907   Thumb Code   218  game_board.o(.text)
    tetris_block_move                        0x000009e1   Thumb Code   384  game_board.o(.text)
    tetris_block_rotate                      0x00000b61   Thumb Code   906  game_board.o(.text)
    block_trickle_down                       0x00000eeb   Thumb Code   124  game_board.o(.text)
    tetris_block_place                       0x00000f67   Thumb Code    74  game_board.o(.text)
    clear_completed_rows                     0x00000fb1   Thumb Code    64  game_board.o(.text)
    draw_walls                               0x00000ff1   Thumb Code   108  game_board.o(.text)
    unsigned_to_string                       0x0000105d   Thumb Code    98  game_board.o(.text)
    delete_string                            0x000010bf   Thumb Code    12  game_board.o(.text)
    free_board                               0x000010cb   Thumb Code    40  game_board.o(.text)
    bombard_rows                             0x000010f3   Thumb Code   248  game_board.o(.text)
    lcd_clear                                0x00001201   Thumb Code    20  buckysquares_menu.o(.text)
    update_menu                              0x00001215   Thumb Code   110  buckysquares_menu.o(.text)
    singleplayer_menu                        0x00001283   Thumb Code   552  buckysquares_menu.o(.text)
    multiplayer_menu                         0x000014ab   Thumb Code  1870  buckysquares_menu.o(.text)
    prompt_menu                              0x00001bf9   Thumb Code   136  buckysquares_menu.o(.text)
    is_connected                             0x00001c81   Thumb Code     8  buckysquares_menu.o(.text)
    send_status                              0x00001cf9   Thumb Code    36  multiplayer.o(.text)
    send_score                               0x00001d1d   Thumb Code    18  multiplayer.o(.text)
    verify_score                             0x00001d2f   Thumb Code    32  multiplayer.o(.text)
    receive_score                            0x00001d4f   Thumb Code     8  multiplayer.o(.text)
    multiplayer_init                         0x00001d57   Thumb Code   126  multiplayer.o(.text)
    Reset_Handler                            0x00001e15   Thumb Code     8  startup_tm4c123.o(.text)
    NMI_Handler                              0x00001e1d   Thumb Code     2  startup_tm4c123.o(.text)
    HardFault_Handler                        0x00001e1f   Thumb Code     2  startup_tm4c123.o(.text)
    MemManage_Handler                        0x00001e21   Thumb Code     2  startup_tm4c123.o(.text)
    BusFault_Handler                         0x00001e23   Thumb Code     2  startup_tm4c123.o(.text)
    UsageFault_Handler                       0x00001e25   Thumb Code     2  startup_tm4c123.o(.text)
    SVC_Handler                              0x00001e27   Thumb Code     2  startup_tm4c123.o(.text)
    DebugMon_Handler                         0x00001e29   Thumb Code     2  startup_tm4c123.o(.text)
    PendSV_Handler                           0x00001e2b   Thumb Code     2  startup_tm4c123.o(.text)
    SysTick_Handler                          0x00001e2d   Thumb Code     2  startup_tm4c123.o(.text)
    GPIOA_Handler                            0x00001e2f   Thumb Code     2  startup_tm4c123.o(.text)
    GPIOB_Handler                            0x00001e31   Thumb Code     2  startup_tm4c123.o(.text)
    GPIOC_Handler                            0x00001e33   Thumb Code     2  startup_tm4c123.o(.text)
    GPIOD_Handler                            0x00001e35   Thumb Code     2  startup_tm4c123.o(.text)
    UART1_Handler                            0x00001e3b   Thumb Code     2  startup_tm4c123.o(.text)
    SSI0_Handler                             0x00001e3d   Thumb Code     2  startup_tm4c123.o(.text)
    I2C0_Handler                             0x00001e3f   Thumb Code     2  startup_tm4c123.o(.text)
    PMW0_FAULT_Handler                       0x00001e41   Thumb Code     2  startup_tm4c123.o(.text)
    PWM0_0_Handler                           0x00001e43   Thumb Code     2  startup_tm4c123.o(.text)
    PWM0_1_Handler                           0x00001e45   Thumb Code     2  startup_tm4c123.o(.text)
    PWM0_2_Handler                           0x00001e47   Thumb Code     2  startup_tm4c123.o(.text)
    QEI0_Handler                             0x00001e49   Thumb Code     2  startup_tm4c123.o(.text)
    ADC0SS1_Handler                          0x00001e4d   Thumb Code     2  startup_tm4c123.o(.text)
    ADC0SS3_Handler                          0x00001e51   Thumb Code     2  startup_tm4c123.o(.text)
    WDT0_Handler                             0x00001e53   Thumb Code     2  startup_tm4c123.o(.text)
    TIMER0A_Handler                          0x00001e55   Thumb Code     2  startup_tm4c123.o(.text)
    TIMER0B_Handler                          0x00001e57   Thumb Code     2  startup_tm4c123.o(.text)
    TIMER1B_Handler                          0x00001e5b   Thumb Code     2  startup_tm4c123.o(.text)
    TIMER2A_Handler                          0x00001e5d   Thumb Code     2  startup_tm4c123.o(.text)
    TIMER2B_Handler                          0x00001e5f   Thumb Code     2  startup_tm4c123.o(.text)
    COMP0_Handler                            0x00001e61   Thumb Code     2  startup_tm4c123.o(.text)
    COMP1_Handler                            0x00001e63   Thumb Code     2  startup_tm4c123.o(.text)
    COMP2_Handler                            0x00001e65   Thumb Code     2  startup_tm4c123.o(.text)
    SYSCTL_Handler                           0x00001e67   Thumb Code     2  startup_tm4c123.o(.text)
    FLASH_Handler                            0x00001e69   Thumb Code     2  startup_tm4c123.o(.text)
    GPIOG_Handler                            0x00001e6d   Thumb Code     2  startup_tm4c123.o(.text)
    GPIOH_Handler                            0x00001e6f   Thumb Code     2  startup_tm4c123.o(.text)
    UART2_Handler                            0x00001e71   Thumb Code     2  startup_tm4c123.o(.text)
    SSI1_Handler                             0x00001e73   Thumb Code     2  startup_tm4c123.o(.text)
    TIMER3B_Handler                          0x00001e77   Thumb Code     2  startup_tm4c123.o(.text)
    I2C1_Handler                             0x00001e79   Thumb Code     2  startup_tm4c123.o(.text)
    QEI1_Handler                             0x00001e7b   Thumb Code     2  startup_tm4c123.o(.text)
    CAN0_Handler                             0x00001e7d   Thumb Code     2  startup_tm4c123.o(.text)
    CAN1_Handler                             0x00001e7f   Thumb Code     2  startup_tm4c123.o(.text)
    CAN2_Handler                             0x00001e81   Thumb Code     2  startup_tm4c123.o(.text)
    HIB_Handler                              0x00001e83   Thumb Code     2  startup_tm4c123.o(.text)
    USB0_Handler                             0x00001e85   Thumb Code     2  startup_tm4c123.o(.text)
    PWM0_3_Handler                           0x00001e87   Thumb Code     2  startup_tm4c123.o(.text)
    UDMA_Handler                             0x00001e89   Thumb Code     2  startup_tm4c123.o(.text)
    UDMAERR_Handler                          0x00001e8b   Thumb Code     2  startup_tm4c123.o(.text)
    ADC1SS0_Handler                          0x00001e8d   Thumb Code     2  startup_tm4c123.o(.text)
    ADC1SS1_Handler                          0x00001e8f   Thumb Code     2  startup_tm4c123.o(.text)
    ADC1SS3_Handler                          0x00001e93   Thumb Code     2  startup_tm4c123.o(.text)
    GPIOJ_Handler                            0x00001e95   Thumb Code     2  startup_tm4c123.o(.text)
    GPIOK_Handler                            0x00001e97   Thumb Code     2  startup_tm4c123.o(.text)
    GPIOL_Handler                            0x00001e99   Thumb Code     2  startup_tm4c123.o(.text)
    SSI2_Handler                             0x00001e9b   Thumb Code     2  startup_tm4c123.o(.text)
    SSI3_Handler                             0x00001e9d   Thumb Code     2  startup_tm4c123.o(.text)
    UART3_Handler                            0x00001e9f   Thumb Code     2  startup_tm4c123.o(.text)
    UART4_Handler                            0x00001ea1   Thumb Code     2  startup_tm4c123.o(.text)
    UART5_Handler                            0x00001ea3   Thumb Code     2  startup_tm4c123.o(.text)
    UART6_Handler                            0x00001ea5   Thumb Code     2  startup_tm4c123.o(.text)
    UART7_Handler                            0x00001ea7   Thumb Code     2  startup_tm4c123.o(.text)
    I2C2_Handler                             0x00001ea9   Thumb Code     2  startup_tm4c123.o(.text)
    I2C3_Handler                             0x00001eab   Thumb Code     2  startup_tm4c123.o(.text)
    TIMER4A_Handler                          0x00001ead   Thumb Code     2  startup_tm4c123.o(.text)
    TIMER4B_Handler                          0x00001eaf   Thumb Code     2  startup_tm4c123.o(.text)
    TIMER5B_Handler                          0x00001eb3   Thumb Code     2  startup_tm4c123.o(.text)
    WTIMER0A_Handler                         0x00001eb5   Thumb Code     2  startup_tm4c123.o(.text)
    WTIMER0B_Handler                         0x00001eb7   Thumb Code     2  startup_tm4c123.o(.text)
    WTIMER1A_Handler                         0x00001eb9   Thumb Code     2  startup_tm4c123.o(.text)
    WTIMER1B_Handler                         0x00001ebb   Thumb Code     2  startup_tm4c123.o(.text)
    WTIMER2A_Handler                         0x00001ebd   Thumb Code     2  startup_tm4c123.o(.text)
    WTIMER2B_Handler                         0x00001ebf   Thumb Code     2  startup_tm4c123.o(.text)
    WTIMER3A_Handler                         0x00001ec1   Thumb Code     2  startup_tm4c123.o(.text)
    WTIMER3B_Handler                         0x00001ec3   Thumb Code     2  startup_tm4c123.o(.text)
    WTIMER4A_Handler                         0x00001ec5   Thumb Code     2  startup_tm4c123.o(.text)
    WTIMER4B_Handler                         0x00001ec7   Thumb Code     2  startup_tm4c123.o(.text)
    WTIMER5A_Handler                         0x00001ec9   Thumb Code     2  startup_tm4c123.o(.text)
    WTIMER5B_Handler                         0x00001ecb   Thumb Code     2  startup_tm4c123.o(.text)
    FPU_Handler                              0x00001ecd   Thumb Code     2  startup_tm4c123.o(.text)
    I2C4_Handler                             0x00001ecf   Thumb Code     2  startup_tm4c123.o(.text)
    I2C5_Handler                             0x00001ed1   Thumb Code     2  startup_tm4c123.o(.text)
    GPIOM_Handler                            0x00001ed3   Thumb Code     2  startup_tm4c123.o(.text)
    GPION_Handler                            0x00001ed5   Thumb Code     2  startup_tm4c123.o(.text)
    QEI2_Handler                             0x00001ed7   Thumb Code     2  startup_tm4c123.o(.text)
    GPIOP0_Handler                           0x00001ed9   Thumb Code     2  startup_tm4c123.o(.text)
    GPIOP1_Handler                           0x00001edb   Thumb Code     2  startup_tm4c123.o(.text)
    GPIOP2_Handler                           0x00001edd   Thumb Code     2  startup_tm4c123.o(.text)
    GPIOP3_Handler                           0x00001edf   Thumb Code     2  startup_tm4c123.o(.text)
    GPIOP4_Handler                           0x00001ee1   Thumb Code     2  startup_tm4c123.o(.text)
    GPIOP5_Handler                           0x00001ee3   Thumb Code     2  startup_tm4c123.o(.text)
    GPIOP6_Handler                           0x00001ee5   Thumb Code     2  startup_tm4c123.o(.text)
    GPIOP7_Handler                           0x00001ee7   Thumb Code     2  startup_tm4c123.o(.text)
    GPIOQ0_Handler                           0x00001ee9   Thumb Code     2  startup_tm4c123.o(.text)
    GPIOQ1_Handler                           0x00001eeb   Thumb Code     2  startup_tm4c123.o(.text)
    GPIOQ2_Handler                           0x00001eed   Thumb Code     2  startup_tm4c123.o(.text)
    GPIOQ3_Handler                           0x00001eef   Thumb Code     2  startup_tm4c123.o(.text)
    GPIOQ4_Handler                           0x00001ef1   Thumb Code     2  startup_tm4c123.o(.text)
    GPIOQ5_Handler                           0x00001ef3   Thumb Code     2  startup_tm4c123.o(.text)
    GPIOQ6_Handler                           0x00001ef5   Thumb Code     2  startup_tm4c123.o(.text)
    GPIOQ7_Handler                           0x00001ef7   Thumb Code     2  startup_tm4c123.o(.text)
    GPIOR_Handler                            0x00001ef9   Thumb Code     2  startup_tm4c123.o(.text)
    GPIOS_Handler                            0x00001efb   Thumb Code     2  startup_tm4c123.o(.text)
    PMW1_0_Handler                           0x00001efd   Thumb Code     2  startup_tm4c123.o(.text)
    PWM1_1_Handler                           0x00001eff   Thumb Code     2  startup_tm4c123.o(.text)
    PWM1_2_Handler                           0x00001f01   Thumb Code     2  startup_tm4c123.o(.text)
    PWM1_3_Handler                           0x00001f03   Thumb Code     2  startup_tm4c123.o(.text)
    PWM1_FAULT_Handler                       0x00001f05   Thumb Code     2  startup_tm4c123.o(.text)
    SystemCoreClockUpdate                    0x00001fc7   Thumb Code   184  system_tm4c123.o(.text)
    SystemInit                               0x0000207f   Thumb Code   112  system_tm4c123.o(.text)
    ece210_buttons_read                      0x000021a3   Thumb Code    58  ece210_api.o(.text)
    ece210_switches_read                     0x000021dd   Thumb Code    16  ece210_api.o(.text)
    ece210_red_leds_write                    0x000021ed   Thumb Code    14  ece210_api.o(.text)
    ece210_tiva_rgb_write                    0x000021fb   Thumb Code    18  ece210_api.o(.text)
    EnableInterrupts                         0x0000220d   Thumb Code     4  ece210_api.o(.text)
    DisableInterrupts                        0x00002211   Thumb Code     4  ece210_api.o(.text)
    ece210_ws2812b_write                     0x00002215   Thumb Code    78  ece210_api.o(.text)
    ece210_wait_mSec                         0x00002263   Thumb Code    40  ece210_api.o(.text)
    ece210_ps2_read_x                        0x000022db   Thumb Code     8  ece210_api.o(.text)
    ece210_ps2_read_y                        0x000022e3   Thumb Code     8  ece210_api.o(.text)
    ece210_ps2_read_position                 0x000022eb   Thumb Code    58  ece210_api.o(.text)
    ece210_audio_set_comparator_threshold    0x00002325   Thumb Code    12  ece210_api.o(.text)
    ece210_audio_comparator_above_threshold  0x00002331   Thumb Code     8  ece210_api.o(.text)
    ece210_audio_headphone_out               0x00002339   Thumb Code    12  ece210_api.o(.text)
    ece210_draw_pixel                        0x00002345   Thumb Code    24  ece210_api.o(.text)
    ece210_lcd_draw_pixel                    0x0000235d   Thumb Code    24  ece210_api.o(.text)
    ece210_lcd_draw_line                     0x00002375   Thumb Code    36  ece210_api.o(.text)
    ece210_lcd_draw_circle                   0x00002399   Thumb Code    28  ece210_api.o(.text)
    ece210_lcd_print_string                  0x000023b5   Thumb Code    46  ece210_api.o(.text)
    ece210_audio_init                        0x000023e3   Thumb Code    12  ece210_api.o(.text)
    ece210_audio_read                        0x000023ef   Thumb Code     6  ece210_api.o(.text)
    ece210_wireless_init                     0x000023f5   Thumb Code    68  ece210_api.o(.text)
    ece210_wireless_send                     0x00002439   Thumb Code    26  ece210_api.o(.text)
    ece210_wireless_data_avaiable            0x00002453   Thumb Code    30  ece210_api.o(.text)
    ece210_wireless_get                      0x00002471   Thumb Code     6  ece210_api.o(.text)
    ece210_initialize_board                  0x00002477   Thumb Code    96  ece210_api.o(.text)
    ece210_lcd_add_msg                       0x000024d7   Thumb Code    20  ece210_api.o(.text)
    ece210_lcd_draw_rectangle                0x000024eb   Thumb Code    36  ece210_api.o(.text)
    ece210_lcd_draw_image                    0x0000250f   Thumb Code    40  ece210_api.o(.text)
    TIMER1A_Handler                          0x00002537   Thumb Code    74  ece210_api.o(.text)
    GPIOE_Handler                            0x00002581   Thumb Code    14  ece210_api.o(.text)
    GPIOF_Handler                            0x0000258f   Thumb Code    66  ece210_api.o(.text)
    timer0Init                               0x00002605   Thumb Code   124  gptimer.o(.text)
    gp_timer_enable_clock                    0x00002681   Thumb Code   232  gptimer.o(.text)
    gp_timer_PWM                             0x00002769   Thumb Code    66  gptimer.o(.text)
    gp_timer_start_count                     0x000027ab   Thumb Code    52  gptimer.o(.text)
    gp_timer_stop_count                      0x000027df   Thumb Code    18  gptimer.o(.text)
    gp_timer_configA                         0x000027f1   Thumb Code    62  gptimer.o(.text)
    gp_timer_configB                         0x0000282f   Thumb Code    66  gptimer.o(.text)
    gp_timer_config                          0x00002871   Thumb Code    68  gptimer.o(.text)
    gp_timer_enable                          0x000028b5   Thumb Code    30  gptimer.o(.text)
    gp_timer_disable                         0x000028d3   Thumb Code    30  gptimer.o(.text)
    gp_timer_get_count                       0x000028f1   Thumb Code     8  gptimer.o(.text)
    gp_timer_set_32_bit_period               0x000028f9   Thumb Code    34  gptimer.o(.text)
    ft6x06_set_addr                          0x0000294d   Thumb Code    58  ft6x06.o(.text)
    ft6x06_write_data                        0x00002987   Thumb Code    82  ft6x06.o(.text)
    ft6x06_read_data                         0x000029d9   Thumb Code    58  ft6x06.o(.text)
    ft6x06_init                              0x00002a13   Thumb Code   240  ft6x06.o(.text)
    test_ft6x06                              0x00002b03   Thumb Code    98  ft6x06.o(.text)
    io_expander_write_reg                    0x00002c05   Thumb Code    38  io_expander.o(.text)
    io_expander_read_reg                     0x00002c2b   Thumb Code    50  io_expander.o(.text)
    io_expander_configure_portA              0x00002c5d   Thumb Code    12  io_expander.o(.text)
    io_expander_configure_portB              0x00002c69   Thumb Code    36  io_expander.o(.text)
    io_expander_init                         0x00002c8d   Thumb Code   256  io_expander.o(.text)
    delayms                                  0x00002d95   Thumb Code    26  lcd.o(.text)
    lcd_set_pos                              0x00002e31   Thumb Code    58  lcd.o(.text)
    lcd_clear_screen                         0x00002e6b   Thumb Code    52  lcd.o(.text)
    lcd_draw_box                             0x00002e9f   Thumb Code   138  lcd.o(.text)
    lcd_draw_rectangle                       0x00002f29   Thumb Code    82  lcd.o(.text)
    lcd_draw_pixel                           0x00002f7b   Thumb Code    28  lcd.o(.text)
    lcd_draw_char                            0x00002f97   Thumb Code   558  lcd.o(.text)
    lcd_draw_image_right                     0x000031c5   Thumb Code   184  lcd.o(.text)
    lcd_draw_image                           0x0000327d   Thumb Code   242  lcd.o(.text)
    lcd_config_gpio                          0x0000336f   Thumb Code   222  lcd.o(.text)
    lcd_config_screen                        0x0000344d   Thumb Code   544  lcd.o(.text)
    lcd_draw_line                            0x0000366d   Thumb Code   200  lcd.o(.text)
    lcd_draw_circle                          0x00003735   Thumb Code   366  lcd.o(.text)
    lcd_print_char                           0x000038a3   Thumb Code   140  lcd_fonts.o(.text)
    lcd_print_string                         0x0000392f   Thumb Code   248  lcd_fonts.o(.text)
    terminal_init_screen                     0x00003a95   Thumb Code    50  lcd_terminal.o(.text)
    terminal_get_strings                     0x00003ac7   Thumb Code   202  lcd_terminal.o(.text)
    terminal_scroll                          0x00003b91   Thumb Code   230  lcd_terminal.o(.text)
    terminal_add_msg                         0x00003c77   Thumb Code   224  lcd_terminal.o(.text)
    terminal_bubble_message                  0x00003d57   Thumb Code   252  lcd_terminal.o(.text)
    terminal_input_print_char                0x00003e53   Thumb Code   158  lcd_terminal.o(.text)
    terminal_init_input_box                  0x00003ef1   Thumb Code   190  lcd_terminal.o(.text)
    terminal_input_rotate_char               0x00003faf   Thumb Code   410  lcd_terminal.o(.text)
    terminal_input_next_char                 0x00004149   Thumb Code   322  lcd_terminal.o(.text)
    terminal_input_prev_char                 0x0000428b   Thumb Code   154  lcd_terminal.o(.text)
    terminal_input_upper_case                0x00004325   Thumb Code    92  lcd_terminal.o(.text)
    terminal_input_lower_case                0x00004381   Thumb Code    92  lcd_terminal.o(.text)
    terminal_input_symbols                   0x000043dd   Thumb Code    94  lcd_terminal.o(.text)
    terminal_input_clear                     0x0000443b   Thumb Code   202  lcd_terminal.o(.text)
    terminal_input_get_string                0x00004505   Thumb Code    48  lcd_terminal.o(.text)
    ps2_initialize_adc                       0x00004637   Thumb Code    88  ps2.o(.text)
    ps2_initialize                           0x000046df   Thumb Code    16  ps2.o(.text)
    ps2_get_x                                0x000046ef   Thumb Code     6  ps2.o(.text)
    ps2_get_y                                0x000046f5   Thumb Code     6  ps2.o(.text)
    ps2_get_direction                        0x000046fb   Thumb Code    12  ps2.o(.text)
    TIMER5A_Handler                          0x00004707   Thumb Code    30  ps2.o(.text)
    ADC0SS0_Handler                          0x00004725   Thumb Code   154  ps2.o(.text)
    ADC0SS2_Handler                          0x000047bf   Thumb Code    40  ps2.o(.text)
    serial_debug_rx                          0x00004839   Thumb Code    46  serial_debug.o(.text)
    serial_debug_tx                          0x00004867   Thumb Code    72  serial_debug.o(.text)
    fputc                                    0x000048af   Thumb Code    66  serial_debug.o(.text)
    fgetc                                    0x000048f1   Thumb Code    50  serial_debug.o(.text)
    init_serial_debug                        0x00004923   Thumb Code   132  serial_debug.o(.text)
    UART0_Handler                            0x000049a7   Thumb Code   136  serial_debug.o(.text)
    spi_select                               0x00004a49   Thumb Code    62  spi_select.o(.text)
    spi_select_init                          0x00004a87   Thumb Code    92  spi_select.o(.text)
    wait_uS_15                               0x00004aed   Thumb Code    14  wireless.o(.text)
    wireless_send_32                         0x00004c31   Thumb Code   302  wireless.o(.text)
    wireless_get_32                          0x00004d5f   Thumb Code   130  wireless.o(.text)
    wireless_configure_device                0x00004de1   Thumb Code   202  wireless.o(.text)
    wireless_initialize                      0x00004eab   Thumb Code   202  wireless.o(.text)
    lp_io_set_pin                            0x00005045   Thumb Code    18  launchpad_io.o(.text)
    lp_io_clear_pin                          0x00005057   Thumb Code    18  launchpad_io.o(.text)
    lp_io_read_pin                           0x00005069   Thumb Code    22  launchpad_io.o(.text)
    lp_io_init                               0x0000507f   Thumb Code   112  launchpad_io.o(.text)
    mezz_initialize_adc                      0x00005109   Thumb Code   182  mezz_audio.o(.text)
    mezz_audio_dac_init                      0x000051bf   Thumb Code   156  mezz_audio.o(.text)
    mezz_audio_set_headphone                 0x0000525b   Thumb Code    16  mezz_audio.o(.text)
    mezz_audio_set_comparator_threshold      0x0000526b   Thumb Code    16  mezz_audio.o(.text)
    mezz_audio_comparator_above_threshold    0x0000527b   Thumb Code    18  mezz_audio.o(.text)
    mezz_audio_init                          0x00005325   Thumb Code    40  mezz_audio.o(.text)
    TIMER3A_Handler                          0x0000534d   Thumb Code    26  mezz_audio.o(.text)
    ADC1SS2_Handler                          0x00005367   Thumb Code    30  mezz_audio.o(.text)
    adc_get_irq_num                          0x000053e3   Thumb Code    32  adc.o(.text)
    adc_get_rcgc_mask                        0x00005403   Thumb Code    28  adc.o(.text)
    adc_get_pr_mask                          0x0000541f   Thumb Code    28  adc.o(.text)
    initialize_adc                           0x0000543b   Thumb Code   110  adc.o(.text)
    get_adc_value                            0x000054a9   Thumb Code    58  adc.o(.text)
    gpio_get_irq_num                         0x00005531   Thumb Code    74  gpio_port.o(.text)
    gpio_enable_port                         0x0000557b   Thumb Code   156  gpio_port.o(.text)
    gpio_config_digital_enable               0x00005617   Thumb Code    34  gpio_port.o(.text)
    gpio_config_enable_output                0x00005639   Thumb Code    34  gpio_port.o(.text)
    gpio_config_enable_input                 0x0000565b   Thumb Code    34  gpio_port.o(.text)
    gpio_config_enable_pullup                0x0000567d   Thumb Code    34  gpio_port.o(.text)
    gpio_config_enable_pulldown              0x0000569f   Thumb Code    34  gpio_port.o(.text)
    gpio_config_analog_enable                0x000056c1   Thumb Code    34  gpio_port.o(.text)
    gpio_config_alternate_function           0x000056e3   Thumb Code    34  gpio_port.o(.text)
    gpio_config_port_control                 0x00005705   Thumb Code    54  gpio_port.o(.text)
    gpio_config_open_drain                   0x0000573b   Thumb Code    34  gpio_port.o(.text)
    gpio_config_falling_edge_irq             0x0000575d   Thumb Code    56  gpio_port.o(.text)
    initializeI2CMaster                      0x000057b5   Thumb Code   160  i2c.o(.text)
    i2cVerifyBaseAddr                        0x00005855   Thumb Code    36  i2c.o(.text)
    i2cSetSlaveAddr                          0x00005879   Thumb Code    30  i2c.o(.text)
    i2cStop                                  0x00005897   Thumb Code    26  i2c.o(.text)
    I2CMasterBusy                            0x000058b1   Thumb Code    34  i2c.o(.text)
    I2CMasterAdrAck                          0x000058d3   Thumb Code    34  i2c.o(.text)
    I2CMasterDatAck                          0x000058f5   Thumb Code    34  i2c.o(.text)
    i2cSendByte                              0x00005917   Thumb Code    82  i2c.o(.text)
    i2cGetByte                               0x00005969   Thumb Code    60  i2c.o(.text)
    pc_buffer_init                           0x000059bd   Thumb Code    26  pc_buffer.o(.text)
    pc_buffer_add                            0x000059d7   Thumb Code    28  pc_buffer.o(.text)
    pc_buffer_remove                         0x000059f3   Thumb Code    30  pc_buffer.o(.text)
    pc_buffer_empty                          0x00005a11   Thumb Code    18  pc_buffer.o(.text)
    pc_buffer_full                           0x00005a23   Thumb Code    22  pc_buffer.o(.text)
    spiVerifyBaseAddr                        0x00005a39   Thumb Code    34  spi.o(.text)
    initialize_spi                           0x00005a5b   Thumb Code   244  spi.o(.text)
    spiTx                                    0x00005b4f   Thumb Code    94  spi.o(.text)
    verify_uart_base                         0x00005bc5   Thumb Code    54  uart.o(.text)
    uart_get_rcgc_mask                       0x00005bfb   Thumb Code    68  uart.o(.text)
    uart_get_pr_mask                         0x00005c3f   Thumb Code    68  uart.o(.text)
    uart_get_irq_num                         0x00005c83   Thumb Code    68  uart.o(.text)
    uart_tx_poll                             0x00005cc7   Thumb Code    38  uart.o(.text)
    uart_tx_poll_string                      0x00005ced   Thumb Code    50  uart.o(.text)
    uart_rx_poll                             0x00005d1f   Thumb Code    70  uart.o(.text)
    uart_init                                0x00005d65   Thumb Code   190  uart.o(.text)
    dac_byte_write                           0x00005e35   Thumb Code    96  mcp47fvbxx.o(.text)
    dac_byte_read                            0x00005e95   Thumb Code   132  mcp47fvbxx.o(.text)
    dac_init                                 0x00005f19   Thumb Code   154  mcp47fvbxx.o(.text)
    rand                                     0x00005fb9   Thumb Code    20  rand.o(.text)
    srand                                    0x00005fcd   Thumb Code     6  rand.o(.text)
    __aeabi_memset                           0x00005fdd   Thumb Code    14  memseta.o(.text)
    __aeabi_memset4                          0x00005fdd   Thumb Code     0  memseta.o(.text)
    __aeabi_memset8                          0x00005fdd   Thumb Code     0  memseta.o(.text)
    __aeabi_memclr                           0x00005feb   Thumb Code     4  memseta.o(.text)
    __aeabi_memclr4                          0x00005feb   Thumb Code     0  memseta.o(.text)
    __aeabi_memclr8                          0x00005feb   Thumb Code     0  memseta.o(.text)
    _memset$wrapper                          0x00005fef   Thumb Code    18  memseta.o(.text)
    strcpy                                   0x00006001   Thumb Code    18  strcpy.o(.text)
    __aeabi_uldivmod                         0x00006013   Thumb Code    98  uldiv.o(.text)
    __scatterload                            0x00006075   Thumb Code    28  init.o(.text)
    __scatterload_rt2                        0x00006075   Thumb Code     0  init.o(.text)
    __aeabi_llsl                             0x00006099   Thumb Code    30  llshl.o(.text)
    _ll_shift_l                              0x00006099   Thumb Code     0  llshl.o(.text)
    __aeabi_llsr                             0x000060b7   Thumb Code    32  llushr.o(.text)
    _ll_ushift_r                             0x000060b7   Thumb Code     0  llushr.o(.text)
    WS2812B_write                            0x000060d9   Thumb Code   160  ws2812b_1.o(FLASH)
    __0printf$8                              0x00006179   Thumb Code    22  printf8.o(i.__0printf$8)
    __1printf$8                              0x00006179   Thumb Code     0  printf8.o(i.__0printf$8)
    __2printf                                0x00006179   Thumb Code     0  printf8.o(i.__0printf$8)
    __scatterload_copy                       0x00006199   Thumb Code    14  handlers.o(i.__scatterload_copy)
    __scatterload_null                       0x000061a7   Thumb Code     2  handlers.o(i.__scatterload_null)
    __scatterload_zeroinit                   0x000061a9   Thumb Code    14  handlers.o(i.__scatterload_zeroinit)
    free                                     0x0000661d   Thumb Code    76  malloc.o(i.free)
    malloc                                   0x0000666d   Thumb Code    92  malloc.o(i.malloc)
    calibri_14ptBitmaps                      0x000066d8   Data        2074  lcd_fonts.o(.constdata)
    calibri_14ptDescriptors                  0x00006ef2   Data         380  lcd_fonts.o(.constdata)
    calibri_14ptFontInfo                     0x00007070   Data          12  lcd_fonts.o(.constdata)
    calibri_48ptBitmaps                      0x0000707c   Data        1680  lcd_fonts.o(.constdata)
    calibri_48ptDescriptors                  0x0000770c   Data          40  lcd_fonts.o(.constdata)
    calibri_48ptFontInfo                     0x00007734   Data          12  lcd_fonts.o(.constdata)
    Region$$Table$$Base                      0x00007740   Number         0  anon$$obj.o(Region$$Table)
    Region$$Table$$Limit                     0x00007760   Number         0  anon$$obj.o(Region$$Table)
    menu_selection                           0x20000000   Data           8  main.o(.data)
    block_array                              0x20000008   Data           4  game_board.o(.data)
    block_height                             0x2000000c   Data           4  game_board.o(.data)
    block_length                             0x20000010   Data           4  game_board.o(.data)
    block_start_x                            0x20000014   Data           4  game_board.o(.data)
    board_height                             0x20000018   Data           4  game_board.o(.data)
    board_length                             0x2000001c   Data           4  game_board.o(.data)
    board_offset_x                           0x20000020   Data           4  game_board.o(.data)
    flags                                    0x20000024   Data           4  multiplayer.o(.data)
    local_id_wireless                        0x20000028   Data           1  multiplayer.o(.data)
    remote_id_wireless                       0x20000029   Data           1  multiplayer.o(.data)
    SystemCoreClock                          0x2000002c   Data           4  system_tm4c123.o(.data)
    ALERT_AUDIO_COMP                         0x20000030   Data           1  ece210_api.o(.data)
    AlertTouch                               0x20000038   Data           1  ece210_api.o(.data)
    AlertButtons                             0x20000039   Data           1  ece210_api.o(.data)
    User_Input_Index                         0x2000003a   Data           1  lcd_terminal.o(.data)
    AUDIO_DATA                               0x20000044   Data           2  mezz_audio.o(.data)
    ALERT_ADC                                0x20000046   Data           1  mezz_audio.o(.data)
    __stdout                                 0x20000048   Data           4  stdout.o(.data)
    __microlib_freelist                      0x20000050   Data           4  mvars.o(.data)
    __microlib_freelist_initialised          0x20000054   Data           4  mvars.o(.data)
    current_state                            0x20000058   Data          40  buckysquares.o(.bss)
    LCD_Terminal                             0x20000098   Data        1540  lcd_terminal.o(.bss)
    User_Input                               0x2000069c   Data         960  lcd_terminal.o(.bss)
    UART0_Tx_Buffer                          0x20000a5c   Data          14  serial_debug.o(.bss)
    UART0_Rx_Buffer                          0x20000a6a   Data          14  serial_debug.o(.bss)
    __heap_base                              0x20000a78   Data           0  startup_tm4c123.o(HEAP)
    __heap_limit                             0x20000a78   Data           0  startup_tm4c123.o(HEAP)
    __initial_sp                             0x20001a78   Data           0  startup_tm4c123.o(STACK)



==============================================================================

Memory Map of the image

  Image Entry point : 0x00001e15

  Load Region LR_1 (Base: 0x00000000, Size: 0x000077b8, Max: 0xffffffff, ABSOLUTE)

    Execution Region ER_RO (Base: 0x00000000, Size: 0x00007760, Max: 0xffffffff, ABSOLUTE)

    Base Addr    Size         Type   Attr      Idx    E Section Name        Object

    0x00000000   0x0000026c   Data   RO          217    RESET               startup_tm4c123.o
    0x0000026c   0x00000000   Code   RO          911  * .ARM.Collect$$$$00000000  mc_w.l(entry.o)
    0x0000026c   0x00000004   Code   RO         1211    .ARM.Collect$$$$00000001  mc_w.l(entry2.o)
    0x00000270   0x00000004   Code   RO         1214    .ARM.Collect$$$$00000004  mc_w.l(entry5.o)
    0x00000274   0x00000000   Code   RO         1216    .ARM.Collect$$$$00000008  mc_w.l(entry7b.o)
    0x00000274   0x00000000   Code   RO         1218    .ARM.Collect$$$$0000000A  mc_w.l(entry8b.o)
    0x00000274   0x00000008   Code   RO         1219    .ARM.Collect$$$$0000000B  mc_w.l(entry9a.o)
    0x0000027c   0x00000000   Code   RO         1221    .ARM.Collect$$$$0000000D  mc_w.l(entry10a.o)
    0x0000027c   0x00000000   Code   RO         1223    .ARM.Collect$$$$0000000F  mc_w.l(entry11a.o)
    0x0000027c   0x00000004   Code   RO         1212    .ARM.Collect$$$$00002712  mc_w.l(entry2.o)
    0x00000280   0x00000030   Code   RO            4    .text               main.o
    0x000002b0   0x00000056   Code   RO           77    .text               lab_buttons.o
    0x00000306   0x00000002   PAD
    0x00000308   0x000003bc   Code   RO          101    .text               buckysquares.o
    0x000006c4   0x00000b3c   Code   RO          132    .text               game_board.o
    0x00001200   0x00000af8   Code   RO          164    .text               buckysquares_menu.o
    0x00001cf8   0x0000011c   Code   RO          188    .text               multiplayer.o
    0x00001e14   0x000000fc   Code   RO          218  * .text               startup_tm4c123.o
    0x00001f10   0x0000024c   Code   RO          225    .text               system_tm4c123.o
    0x0000215c   0x00000488   Code   RO          255    .text               ece210.lib(ece210_api.o)
    0x000025e4   0x00000368   Code   RO          396    .text               ece210.lib(gptimer.o)
    0x0000294c   0x000002b8   Code   RO          428    .text               ece210.lib(ft6x06.o)
    0x00002c04   0x00000190   Code   RO          456    .text               ece210.lib(io_expander.o)
    0x00002d94   0x00000b0e   Code   RO          487    .text               ece210.lib(lcd.o)
    0x000038a2   0x00000184   Code   RO          511    .text               ece210.lib(lcd_fonts.o)
    0x00003a26   0x00000002   PAD
    0x00003a28   0x00000b18   Code   RO          541    .text               ece210.lib(lcd_terminal.o)
    0x00004540   0x000002f8   Code   RO          579    .text               ece210.lib(ps2.o)
    0x00004838   0x00000210   Code   RO          609    .text               ece210.lib(serial_debug.o)
    0x00004a48   0x000000a4   Code   RO          645    .text               ece210.lib(spi_select.o)
    0x00004aec   0x00000558   Code   RO          669    .text               ece210.lib(wireless.o)
    0x00005044   0x000000c4   Code   RO          704    .text               ece210.lib(launchpad_io.o)
    0x00005108   0x000002c0   Code   RO          728    .text               ece210.lib(mezz_audio.o)
    0x000053c8   0x00000128   Code   RO          758    .text               ece210.lib(adc.o)
    0x000054f0   0x000002c4   Code   RO          782    .text               ece210.lib(gpio_port.o)
    0x000057b4   0x00000208   Code   RO          806    .text               ece210.lib(i2c.o)
    0x000059bc   0x0000007c   Code   RO          827    .text               ece210.lib(pc_buffer.o)
    0x00005a38   0x0000018c   Code   RO          842    .text               ece210.lib(spi.o)
    0x00005bc4   0x00000270   Code   RO          866    .text               ece210.lib(uart.o)
    0x00005e34   0x00000184   Code   RO          890    .text               ece210.lib(mcp47fvbxx.o)
    0x00005fb8   0x00000024   Code   RO          915    .text               mc_w.l(rand.o)
    0x00005fdc   0x00000024   Code   RO          918    .text               mc_w.l(memseta.o)
    0x00006000   0x00000012   Code   RO          920    .text               mc_w.l(strcpy.o)
    0x00006012   0x00000062   Code   RO         1227    .text               mc_w.l(uldiv.o)
    0x00006074   0x00000024   Code   RO         1246    .text               mc_w.l(init.o)
    0x00006098   0x0000001e   Code   RO         1248    .text               mc_w.l(llshl.o)
    0x000060b6   0x00000020   Code   RO         1250    .text               mc_w.l(llushr.o)
    0x000060d6   0x00000002   PAD
    0x000060d8   0x000000a0   Code   RO          697    FLASH               ece210.lib(ws2812b_1.o)
    0x00006178   0x00000020   Code   RO         1129    i.__0printf$8       mc_w.l(printf8.o)
    0x00006198   0x0000000e   Code   RO         1258    i.__scatterload_copy  mc_w.l(handlers.o)
    0x000061a6   0x00000002   Code   RO         1259    i.__scatterload_null  mc_w.l(handlers.o)
    0x000061a8   0x0000000e   Code   RO         1260    i.__scatterload_zeroinit  mc_w.l(handlers.o)
    0x000061b6   0x00000002   PAD
    0x000061b8   0x00000410   Code   RO         1136    i._printf_core      mc_w.l(printf8.o)
    0x000065c8   0x00000024   Code   RO         1137    i._printf_post_padding  mc_w.l(printf8.o)
    0x000065ec   0x0000002e   Code   RO         1138    i._printf_pre_padding  mc_w.l(printf8.o)
    0x0000661a   0x00000002   PAD
    0x0000661c   0x00000050   Code   RO         1183    i.free              mc_w.l(malloc.o)
    0x0000666c   0x0000006c   Code   RO         1184    i.malloc            mc_w.l(malloc.o)
    0x000066d8   0x00001068   Data   RO          512    .constdata          ece210.lib(lcd_fonts.o)
    0x00007740   0x00000020   Data   RO         1256    Region$$Table       anon$$obj.o


    Execution Region ER_RW (Base: 0x20000000, Size: 0x00000058, Max: 0xffffffff, ABSOLUTE)

    Base Addr    Size         Type   Attr      Idx    E Section Name        Object

    0x20000000   0x00000008   Data   RW            5    .data               main.o
    0x20000008   0x0000001c   Data   RW          133    .data               game_board.o
    0x20000024   0x00000006   Data   RW          189    .data               multiplayer.o
    0x2000002a   0x00000002   PAD
    0x2000002c   0x00000004   Data   RW          226    .data               system_tm4c123.o
    0x20000030   0x0000000a   Data   RW          257    .data               ece210.lib(ece210_api.o)
    0x2000003a   0x00000001   Data   RW          543    .data               ece210.lib(lcd_terminal.o)
    0x2000003b   0x00000001   PAD
    0x2000003c   0x00000005   Data   RW          580    .data               ece210.lib(ps2.o)
    0x20000041   0x00000002   Data   RW          611    .data               ece210.lib(serial_debug.o)
    0x20000043   0x00000001   PAD
    0x20000044   0x00000003   Data   RW          729    .data               ece210.lib(mezz_audio.o)
    0x20000047   0x00000001   PAD
    0x20000048   0x00000004   Data   RW          914    .data               mc_w.l(stdout.o)
    0x2000004c   0x00000004   Data   RW          916    .data               mc_w.l(rand.o)
    0x20000050   0x00000004   Data   RW         1233    .data               mc_w.l(mvars.o)
    0x20000054   0x00000004   Data   RW         1234    .data               mc_w.l(mvars.o)


    Execution Region ER_ZI (Base: 0x20000058, Size: 0x00001a20, Max: 0xffffffff, ABSOLUTE)

    Base Addr    Size         Type   Attr      Idx    E Section Name        Object

    0x20000058   0x00000028   Zero   RW          102    .bss                buckysquares.o
    0x20000080   0x00000018   Zero   RW          256    .bss                ece210.lib(ece210_api.o)
    0x20000098   0x000009c4   Zero   RW          542    .bss                ece210.lib(lcd_terminal.o)
    0x20000a5c   0x0000001c   Zero   RW          610    .bss                ece210.lib(serial_debug.o)
    0x20000a78   0x00000000   Zero   RW          216    HEAP                startup_tm4c123.o
    0x20000a78   0x00001000   Zero   RW          215    STACK               startup_tm4c123.o


==============================================================================

Image component sizes


      Code (inc. data)   RO Data    RW Data    ZI Data      Debug   Object Name

       956        132          0          0         40       2198   buckysquares.o
      2808        464          0          0          0       3268   buckysquares_menu.o
      2876         72          0         28          0       8496   game_board.o
        86          0          0          0          0       1257   lab_buttons.o
        48         14          0          8          0       6215   main.o
       284         64          0          6          0       2658   multiplayer.o
       252         10        620          0       4096       5456   startup_tm4c123.o
       588        134          0          4          0       1585   system_tm4c123.o

    ----------------------------------------------------------------------
      7900        890        652         48       4136      31133   Object Totals
         0          0         32          0          0          0   (incl. Generated)
         2          0          0          2          0          0   (incl. Padding)

    ----------------------------------------------------------------------

      Code (inc. data)   RO Data    RW Data    ZI Data      Debug   Library Member Name

       296         14          0          0          0       2641   adc.o
      1160         74          0         10         24      50238   ece210_api.o
       696        160          0          0          0      29084   ft6x06.o
       708         32          0          0          0       5170   gpio_port.o
       872         28          0          0          0      31273   gptimer.o
       520         24          0          0          0       3685   i2c.o
       400          8          0          0          0       1670   io_expander.o
       196         26          0          0          0       1834   launchpad_io.o
      2830         38          0          0          0       7764   lcd.o
       388          0       4200          0          0       3494   lcd_fonts.o
      2840         40          0          1       2500       6101   lcd_terminal.o
       388          6          0          0          0       1768   mcp47fvbxx.o
       704         46          0          3          0       3796   mezz_audio.o
       124          0          0          0          0       1951   pc_buffer.o
       760         60          0          5          0      29881   ps2.o
       528         26          0          2         28       5553   serial_debug.o
       396         24          0          0          0       1881   spi.o
       164         10          0          0          0        881   spi_select.o
       624         50          0          0          0       3376   uart.o
      1368         28          0          0          0      12392   wireless.o
       160          0          0          0          0        480   ws2812b_1.o
         0          0          0          0          0          0   entry.o
         0          0          0          0          0          0   entry10a.o
         0          0          0          0          0          0   entry11a.o
         8          4          0          0          0          0   entry2.o
         4          0          0          0          0          0   entry5.o
         0          0          0          0          0          0   entry7b.o
         0          0          0          0          0          0   entry8b.o
         8          4          0          0          0          0   entry9a.o
        30          0          0          0          0          0   handlers.o
        36          8          0          0          0         68   init.o
        30          0          0          0          0         68   llshl.o
        32          0          0          0          0         68   llushr.o
       188         20          0          0          0        160   malloc.o
        36          0          0          0          0        108   memseta.o
         0          0          0          8          0          0   mvars.o
      1154         54          0          0          0        352   printf8.o
        36         10          0          4          0        136   rand.o
         0          0          0          4          0          0   stdout.o
        18          0          0          0          0         68   strcpy.o
        98          0          0          0          0         92   uldiv.o

    ----------------------------------------------------------------------
     17808        794       4200         40       2552     206033   Library Totals
         8          0          0          3          0          0   (incl. Padding)

    ----------------------------------------------------------------------

      Code (inc. data)   RO Data    RW Data    ZI Data      Debug   Library Name

     16122        694       4200         21       2552     204913   ece210.lib
      1678        100          0         16          0       1120   mc_w.l

    ----------------------------------------------------------------------
     17808        794       4200         40       2552     206033   Library Totals

    ----------------------------------------------------------------------

==============================================================================


      Code (inc. data)   RO Data    RW Data    ZI Data      Debug   

     25708       1684       4852         88       6688     231902   Grand Totals
     25708       1684       4852         88       6688     231902   ELF Image Totals
     25708       1684       4852         88          0          0   ROM Totals

==============================================================================

    Total RO  Size (Code + RO Data)                30560 (  29.84kB)
    Total RW  Size (RW Data + ZI Data)              6776 (   6.62kB)
    Total ROM Size (Code + RO Data + RW Data)      30648 (  29.93kB)

==============================================================================

